{"timestamp":"2026-08-29T00:23:00.387376Z","level":"info","event":"DAG bundles loaded: dags-folder","logger":"airflow.dag_processing.bundles.manager.DagBundlesManager","filename":"manager.py","lineno":209}
{"timestamp":"2026-08-29T00:23:00.388656Z","level":"info","event":"Filling up the DagBag from /opt/airflow/dags/meddata_pipeline.py","logger":"airflow.dag_processing.dagbag.BundleDagBag","filename":"dagbag.py","lineno":469}
{"timestamp":"2026-08-29T00:23:00.857058Z","level":"info","event":"Default Auth client Circuit breaker strategy enabled","logger":"oci.circuit_breaker","filename":"__init__.py","lineno":28}
{"timestamp":"2026-08-29T00:23:01.166828Z","level":"warning","event":"The `airflow.hooks.base.BaseHook` attribute is deprecated. Please use `'airflow.sdk.bases.hook.BaseHook'`.","category":"UserWarning","filename":"/opt/airflow/dags/meddata_pipeline.py","lineno":11,"logger":"py.warnings"}
{"timestamp":"2026-08-29T00:23:01.183222Z","level":"info","event":"[INTEGRACAO] Gerando Star Schema para SP/2024/08","logger":"task.stdout"}
{"timestamp":"2026-08-29T00:23:01.249587Z","level":"info","event":"GERANDO STAR SCHEMA PARA SP 2024/08","logger":"integracao","filename":"integracao.py","lineno":430}
{"timestamp":"2026-08-29T00:23:01.249733Z","level":"info","event":"Gerando DIM_MUNICIPIO...","logger":"integracao","filename":"integracao.py","lineno":57}
{"timestamp":"2026-08-29T00:23:01.268452Z","level":"info","event":"Incluídos 721 municípios de residência sem cadastro IBGE-SP.","logger":"integracao","filename":"integracao.py","lineno":92}
{"timestamp":"2026-08-29T00:23:01.269595Z","level":"info","event":"DIM_MUNICIPIO gerada: 1,366 municípios","logger":"integracao","filename":"integracao.py","lineno":108}
{"timestamp":"2026-08-29T00:23:01.269741Z","level":"info","event":"Gerando DIM_HOSPITAL...","logger":"integracao","filename":"integracao.py","lineno":114}
{"timestamp":"2026-08-29T00:23:01.274515Z","level":"info","event":"DIM_HOSPITAL gerada: 1,428 hospitais","logger":"integracao","filename":"integracao.py","lineno":177}
{"timestamp":"2026-08-29T00:23:01.274651Z","level":"info","event":"Gerando DIM_TEMPO...","logger":"integracao","filename":"integracao.py","lineno":183}
{"timestamp":"2026-08-29T00:23:01.324245Z","level":"info","event":"DIM_TEMPO gerada: 1,175 datas únicas","logger":"integracao","filename":"integracao.py","lineno":208}
{"timestamp":"2026-08-29T00:23:01.324386Z","level":"info","event":"Gerando FATO_INTERNACAO...","logger":"integracao","filename":"integracao.py","lineno":237}
{"timestamp":"2026-08-29T00:23:04.145660Z","level":"info","event":"FATO_INTERNACAO gerada: 231,272 registros","logger":"integracao","filename":"integracao.py","lineno":364}
{"timestamp":"2026-08-29T00:23:04.179502Z","level":"info","event":"DIM_MUNICIPIO salva: /opt/airflow/data/processado/dim_municipio_SP_2024_08.parquet","logger":"integracao","filename":"integracao.py","lineno":401}
{"timestamp":"2026-08-29T00:23:04.417242Z","level":"info","event":"Upload concluído: meddata-gold/dim_municipio/SP/2024/08/dim_municipio_SP_2024_08.parquet","logger":"integracao","filename":"integracao.py","lineno":44}
{"timestamp":"2026-08-29T00:23:04.463889Z","level":"info","event":"DIM_HOSPITAL salva: /opt/airflow/data/processado/dim_hospital_SP_2024_08.parquet","logger":"integracao","filename":"integracao.py","lineno":401}
{"timestamp":"2026-08-29T00:23:04.664725Z","level":"info","event":"Upload concluído: meddata-gold/dim_hospital/SP/2024/08/dim_hospital_SP_2024_08.parquet","logger":"integracao","filename":"integracao.py","lineno":44}
{"timestamp":"2026-08-29T00:23:04.693359Z","level":"info","event":"DIM_TEMPO salva: /opt/airflow/data/processado/dim_tempo_SP_2024_08.parquet","logger":"integracao","filename":"integracao.py","lineno":401}
{"timestamp":"2026-08-29T00:23:04.925608Z","level":"info","event":"Upload concluído: meddata-gold/dim_tempo/SP/2024/08/dim_tempo_SP_2024_08.parquet","logger":"integracao","filename":"integracao.py","lineno":44}
{"timestamp":"2026-08-29T00:23:05.397656Z","level":"info","event":"FATO_INTERNACAO salva: /opt/airflow/data/processado/fato_internacao_SP_2024_08.parquet","logger":"integracao","filename":"integracao.py","lineno":401}
{"timestamp":"2026-08-29T00:22:40.597579Z","level":"info","event":"Upload concluído: meddata-gold/fato_internacao/SP/2024/08/fato_internacao_SP_2024_08.parquet","logger":"integracao","filename":"integracao.py","lineno":44}
{"timestamp":"2026-08-29T00:22:40.602235Z","level":"info","event":"[INTEGRACAO] Concluída com sucesso.","logger":"task.stdout"}
{"timestamp":"2026-08-29T00:22:40.604660Z","level":"info","event":"Done. Returned value was: None","logger":"airflow.task.operators.airflow.providers.standard.operators.python.PythonOperator","filename":"python.py","lineno":229}
{"timestamp":"2026-08-29T00:22:40.614565Z","level":"error","event":"Top level error","logger":"task","filename":"task_runner.py","lineno":1881,"error_detail":[{"exc_type":"AirflowRuntimeError","exc_value":"API_SERVER_ERROR: {'status_code': 403, 'message': 'Invalid auth token: The token is not yet valid (iat)', 'detail': {'detail': 'Invalid auth token: The token is not yet valid (iat)'}}","exc_notes":[],"syntax_error":null,"is_cause":false,"frames":[{"filename":"/home/airflow/.local/lib/python3.11/site-packages/airflow/sdk/execution_time/task_runner.py","lineno":1874,"name":"main"},{"filename":"/home/airflow/.local/lib/python3.11/site-packages/airflow/sdk/execution_time/task_runner.py","lineno":1359,"name":"run"},{"filename":"/home/airflow/.local/lib/python3.11/site-packages/airflow/sdk/execution_time/comms.py","lineno":219,"name":"send"},{"filename":"/home/airflow/.local/lib/python3.11/site-packages/airflow/sdk/execution_time/comms.py","lineno":313,"name":"_get_response"},{"filename":"/home/airflow/.local/lib/python3.11/site-packages/airflow/sdk/execution_time/comms.py","lineno":300,"name":"_from_frame"}],"is_group":false,"exceptions":[]}]}
{"timestamp":"2026-08-29T00:22:40.646742Z","level":"warning","event":"Process exited abnormally","exit_code":1,"logger":"task"}
