{"timestamp":"2026-08-29T00:28:07.509539Z","level":"info","event":"DAG bundles loaded: dags-folder","logger":"airflow.dag_processing.bundles.manager.DagBundlesManager","filename":"manager.py","lineno":209}
{"timestamp":"2026-08-29T00:28:07.510720Z","level":"info","event":"Filling up the DagBag from /opt/airflow/dags/meddata_pipeline.py","logger":"airflow.dag_processing.dagbag.BundleDagBag","filename":"dagbag.py","lineno":469}
{"timestamp":"2026-08-29T00:28:07.987612Z","level":"info","event":"Default Auth client Circuit breaker strategy enabled","logger":"oci.circuit_breaker","filename":"__init__.py","lineno":28}
{"timestamp":"2026-08-29T00:28:08.259375Z","level":"warning","event":"The `airflow.hooks.base.BaseHook` attribute is deprecated. Please use `'airflow.sdk.bases.hook.BaseHook'`.","category":"UserWarning","filename":"/opt/airflow/dags/meddata_pipeline.py","lineno":11,"logger":"py.warnings"}
{"timestamp":"2026-08-29T00:28:08.275437Z","level":"info","event":"[INTEGRACAO] Gerando Star Schema para SP/2024/08","logger":"task.stdout"}
{"timestamp":"2026-08-29T00:28:08.342781Z","level":"info","event":"GERANDO STAR SCHEMA PARA SP 2024/08","logger":"integracao","filename":"integracao.py","lineno":430}
{"timestamp":"2026-08-29T00:28:08.342927Z","level":"info","event":"Gerando DIM_MUNICIPIO...","logger":"integracao","filename":"integracao.py","lineno":57}
{"timestamp":"2026-08-29T00:28:08.361775Z","level":"info","event":"Incluídos 721 municípios de residência sem cadastro IBGE-SP.","logger":"integracao","filename":"integracao.py","lineno":92}
{"timestamp":"2026-08-29T00:28:08.363067Z","level":"info","event":"DIM_MUNICIPIO gerada: 1,366 municípios","logger":"integracao","filename":"integracao.py","lineno":108}
{"timestamp":"2026-08-29T00:28:08.363202Z","level":"info","event":"Gerando DIM_HOSPITAL...","logger":"integracao","filename":"integracao.py","lineno":114}
{"timestamp":"2026-08-29T00:28:08.367278Z","level":"info","event":"DIM_HOSPITAL gerada: 1,428 hospitais","logger":"integracao","filename":"integracao.py","lineno":177}
{"timestamp":"2026-08-29T00:28:08.367388Z","level":"info","event":"Gerando DIM_TEMPO...","logger":"integracao","filename":"integracao.py","lineno":183}
{"timestamp":"2026-08-29T00:28:08.413164Z","level":"info","event":"DIM_TEMPO gerada: 1,175 datas únicas","logger":"integracao","filename":"integracao.py","lineno":208}
{"timestamp":"2026-08-29T00:28:08.413303Z","level":"info","event":"Gerando FATO_INTERNACAO...","logger":"integracao","filename":"integracao.py","lineno":237}
{"timestamp":"2026-08-29T00:28:11.320141Z","level":"info","event":"FATO_INTERNACAO gerada: 231,272 registros","logger":"integracao","filename":"integracao.py","lineno":364}
{"timestamp":"2026-08-29T00:28:11.342740Z","level":"info","event":"DIM_MUNICIPIO salva: /opt/airflow/data/processado/dim_municipio_SP_2024_08.parquet","logger":"integracao","filename":"integracao.py","lineno":401}
{"timestamp":"2026-08-29T00:28:11.573965Z","level":"info","event":"Upload concluído: meddata-gold/dim_municipio/SP/2024/08/dim_municipio_SP_2024_08.parquet","logger":"integracao","filename":"integracao.py","lineno":44}
{"timestamp":"2026-08-29T00:28:11.612872Z","level":"info","event":"DIM_HOSPITAL salva: /opt/airflow/data/processado/dim_hospital_SP_2024_08.parquet","logger":"integracao","filename":"integracao.py","lineno":401}
{"timestamp":"2026-08-29T00:28:11.762777Z","level":"info","event":"Upload concluído: meddata-gold/dim_hospital/SP/2024/08/dim_hospital_SP_2024_08.parquet","logger":"integracao","filename":"integracao.py","lineno":44}
{"timestamp":"2026-08-29T00:28:11.784286Z","level":"info","event":"DIM_TEMPO salva: /opt/airflow/data/processado/dim_tempo_SP_2024_08.parquet","logger":"integracao","filename":"integracao.py","lineno":401}
{"timestamp":"2026-08-29T00:28:11.958553Z","level":"info","event":"Upload concluído: meddata-gold/dim_tempo/SP/2024/08/dim_tempo_SP_2024_08.parquet","logger":"integracao","filename":"integracao.py","lineno":44}
{"timestamp":"2026-08-29T00:28:12.406214Z","level":"info","event":"FATO_INTERNACAO salva: /opt/airflow/data/processado/fato_internacao_SP_2024_08.parquet","logger":"integracao","filename":"integracao.py","lineno":401}
{"timestamp":"2026-08-29T00:28:12.699396Z","level":"info","event":"Upload concluído: meddata-gold/fato_internacao/SP/2024/08/fato_internacao_SP_2024_08.parquet","logger":"integracao","filename":"integracao.py","lineno":44}
{"timestamp":"2026-08-29T00:28:12.705531Z","level":"info","event":"Done. Returned value was: None","logger":"airflow.task.operators.airflow.providers.standard.operators.python.PythonOperator","filename":"python.py","lineno":229}
{"timestamp":"2026-08-29T00:28:12.709004Z","level":"info","event":"[INTEGRACAO] Concluída com sucesso.","logger":"task.stdout"}
