{"timestamp":"2026-08-28T21:31:14.540776Z","level":"info","event":"DAG bundles loaded: dags-folder","logger":"airflow.dag_processing.bundles.manager.DagBundlesManager","filename":"manager.py","lineno":209}
{"timestamp":"2026-08-28T21:31:14.542115Z","level":"info","event":"Filling up the DagBag from /opt/airflow/dags/meddata_pipeline.py","logger":"airflow.dag_processing.dagbag.BundleDagBag","filename":"dagbag.py","lineno":469}
{"timestamp":"2026-08-28T21:31:15.010509Z","level":"info","event":"Default Auth client Circuit breaker strategy enabled","logger":"oci.circuit_breaker","filename":"__init__.py","lineno":28}
{"timestamp":"2026-08-28T21:31:15.284751Z","level":"warning","event":"The `airflow.hooks.base.BaseHook` attribute is deprecated. Please use `'airflow.sdk.bases.hook.BaseHook'`.","category":"UserWarning","filename":"/opt/airflow/dags/meddata_pipeline.py","lineno":11,"logger":"py.warnings"}
{"timestamp":"2026-08-28T21:31:15.300971Z","level":"info","event":"[INTEGRACAO] Gerando Star Schema para SP/2024/08","logger":"task.stdout"}
{"timestamp":"2026-08-28T21:31:15.325232Z","level":"info","event":"GERANDO STAR SCHEMA PARA SP 2024/08","logger":"integracao","filename":"integracao.py","lineno":395}
{"timestamp":"2026-08-28T21:31:15.325372Z","level":"info","event":"Gerando DIM_MUNICIPIO...","logger":"integracao","filename":"integracao.py","lineno":54}
{"timestamp":"2026-08-28T21:31:15.327996Z","level":"info","event":"DIM_MUNICIPIO gerada: 645 municípios","logger":"integracao","filename":"integracao.py","lineno":76}
{"timestamp":"2026-08-28T21:31:15.328104Z","level":"info","event":"Gerando DIM_HOSPITAL...","logger":"integracao","filename":"integracao.py","lineno":82}
{"timestamp":"2026-08-28T21:31:15.333575Z","level":"info","event":"DIM_HOSPITAL gerada: 1,428 hospitais","logger":"integracao","filename":"integracao.py","lineno":145}
{"timestamp":"2026-08-28T21:31:15.333708Z","level":"info","event":"Gerando DIM_TEMPO...","logger":"integracao","filename":"integracao.py","lineno":151}
{"timestamp":"2026-08-28T21:31:15.333982Z","level":"error","event":"Task failed with exception","logger":"task","filename":"task_runner.py","lineno":1347,"error_detail":[{"exc_type":"ValueError","exc_value":"A coluna 'data_internacao' não foi encontrada no SIH.","exc_notes":[],"syntax_error":null,"is_cause":false,"frames":[{"filename":"/home/airflow/.local/lib/python3.11/site-packages/airflow/sdk/execution_time/task_runner.py","lineno":1263,"name":"run"},{"filename":"/home/airflow/.local/lib/python3.11/site-packages/airflow/sdk/execution_time/task_runner.py","lineno":1678,"name":"_execute_task"},{"filename":"/home/airflow/.local/lib/python3.11/site-packages/airflow/sdk/bases/operator.py","lineno":443,"name":"wrapper"},{"filename":"/home/airflow/.local/lib/python3.11/site-packages/airflow/providers/standard/operators/python.py","lineno":227,"name":"execute"},{"filename":"/home/airflow/.local/lib/python3.11/site-packages/airflow/providers/standard/operators/python.py","lineno":250,"name":"execute_callable"},{"filename":"/home/airflow/.local/lib/python3.11/site-packages/airflow/sdk/execution_time/callback_runner.py","lineno":97,"name":"run"},{"filename":"/opt/airflow/dags/meddata_pipeline.py","lineno":99,"name":"tarefa_integracao"},{"filename":"/opt/airflow/src/integracao.py","lineno":399,"name":"gerar_star_schema"},{"filename":"/opt/airflow/src/integracao.py","lineno":154,"name":"gerar_dim_tempo"}],"is_group":false,"exceptions":[]}]}
{"timestamp":"2026-08-28T22:50:12.035637Z","level":"info","event":"DAG bundles loaded: dags-folder","logger":"airflow.dag_processing.bundles.manager.DagBundlesManager","filename":"manager.py","lineno":209}
{"timestamp":"2026-08-28T22:50:12.037054Z","level":"info","event":"Filling up the DagBag from /opt/airflow/dags/meddata_pipeline.py","logger":"airflow.dag_processing.dagbag.BundleDagBag","filename":"dagbag.py","lineno":469}
{"timestamp":"2026-08-28T22:50:12.526635Z","level":"info","event":"Default Auth client Circuit breaker strategy enabled","logger":"oci.circuit_breaker","filename":"__init__.py","lineno":28}
{"timestamp":"2026-08-28T22:50:12.822284Z","level":"warning","event":"The `airflow.hooks.base.BaseHook` attribute is deprecated. Please use `'airflow.sdk.bases.hook.BaseHook'`.","category":"UserWarning","filename":"/opt/airflow/dags/meddata_pipeline.py","lineno":11,"logger":"py.warnings"}
{"timestamp":"2026-08-28T22:50:12.842977Z","level":"info","event":"[INTEGRACAO] Gerando Star Schema para SP/2024/08","logger":"task.stdout"}
{"timestamp":"2026-08-28T22:50:12.915573Z","level":"info","event":"GERANDO STAR SCHEMA PARA SP 2024/08","logger":"integracao","filename":"integracao.py","lineno":395}
{"timestamp":"2026-08-28T22:50:12.915731Z","level":"info","event":"Gerando DIM_MUNICIPIO...","logger":"integracao","filename":"integracao.py","lineno":54}
{"timestamp":"2026-08-28T22:50:12.918484Z","level":"info","event":"DIM_MUNICIPIO gerada: 645 municípios","logger":"integracao","filename":"integracao.py","lineno":76}
{"timestamp":"2026-08-28T22:50:12.918592Z","level":"info","event":"Gerando DIM_HOSPITAL...","logger":"integracao","filename":"integracao.py","lineno":82}
{"timestamp":"2026-08-28T22:50:12.924684Z","level":"info","event":"DIM_HOSPITAL gerada: 1,428 hospitais","logger":"integracao","filename":"integracao.py","lineno":145}
{"timestamp":"2026-08-28T22:50:12.924820Z","level":"info","event":"Gerando DIM_TEMPO...","logger":"integracao","filename":"integracao.py","lineno":151}
{"timestamp":"2026-08-28T22:50:12.979050Z","level":"info","event":"DIM_TEMPO gerada: 1,175 datas únicas","logger":"integracao","filename":"integracao.py","lineno":173}
{"timestamp":"2026-08-28T22:50:12.979210Z","level":"info","event":"Gerando FATO_INTERNACAO...","logger":"integracao","filename":"integracao.py","lineno":202}
{"timestamp":"2026-08-28T22:50:16.229239Z","level":"info","event":"FATO_INTERNACAO gerada: 231,272 registros","logger":"integracao","filename":"integracao.py","lineno":329}
{"timestamp":"2026-08-28T22:50:16.254693Z","level":"info","event":"DIM_MUNICIPIO salva: /opt/airflow/data/processado/dim_municipio_SP_2024_08.parquet","logger":"integracao","filename":"integracao.py","lineno":366}
{"timestamp":"2026-08-28T22:50:16.256144Z","level":"error","event":"Falha no upload para OCI: Could not find config file at /home/airflow/.oci/config, please follow the instructions in the link to setup the config file https://docs.oracle.com/en-us/iaas/Content/API/Concepts/sdkconfig.htm","logger":"integracao","filename":"integracao.py","lineno":48}
{"timestamp":"2026-08-28T22:50:16.256346Z","level":"error","event":"Task failed with exception","logger":"task","filename":"task_runner.py","lineno":1347,"error_detail":[{"exc_type":"RuntimeError","exc_value":"Falha no upload da tabela dim_municipio.","exc_notes":[],"syntax_error":null,"is_cause":false,"frames":[{"filename":"/home/airflow/.local/lib/python3.11/site-packages/airflow/sdk/execution_time/task_runner.py","lineno":1263,"name":"run"},{"filename":"/home/airflow/.local/lib/python3.11/site-packages/airflow/sdk/execution_time/task_runner.py","lineno":1678,"name":"_execute_task"},{"filename":"/home/airflow/.local/lib/python3.11/site-packages/airflow/sdk/bases/operator.py","lineno":443,"name":"wrapper"},{"filename":"/home/airflow/.local/lib/python3.11/site-packages/airflow/providers/standard/operators/python.py","lineno":227,"name":"execute"},{"filename":"/home/airflow/.local/lib/python3.11/site-packages/airflow/providers/standard/operators/python.py","lineno":250,"name":"execute_callable"},{"filename":"/home/airflow/.local/lib/python3.11/site-packages/airflow/sdk/execution_time/callback_runner.py","lineno":97,"name":"run"},{"filename":"/opt/airflow/dags/meddata_pipeline.py","lineno":99,"name":"tarefa_integracao"},{"filename":"/opt/airflow/src/integracao.py","lineno":408,"name":"gerar_star_schema"},{"filename":"/opt/airflow/src/integracao.py","lineno":375,"name":"salvar_star_schema"}],"is_group":false,"exceptions":[]}]}
{"timestamp":"2026-08-29T01:55:20.307341Z","level":"info","event":"DAG bundles loaded: dags-folder","logger":"airflow.dag_processing.bundles.manager.DagBundlesManager","filename":"manager.py","lineno":209}
{"timestamp":"2026-08-29T01:55:20.308556Z","level":"info","event":"Filling up the DagBag from /opt/airflow/dags/meddata_pipeline.py","logger":"airflow.dag_processing.dagbag.BundleDagBag","filename":"dagbag.py","lineno":469}
{"timestamp":"2026-08-29T01:55:20.796800Z","level":"info","event":"Default Auth client Circuit breaker strategy enabled","logger":"oci.circuit_breaker","filename":"__init__.py","lineno":28}
{"timestamp":"2026-08-29T01:55:21.096725Z","level":"warning","event":"The `airflow.hooks.base.BaseHook` attribute is deprecated. Please use `'airflow.sdk.bases.hook.BaseHook'`.","category":"UserWarning","filename":"/opt/airflow/dags/meddata_pipeline.py","lineno":11,"logger":"py.warnings"}
{"timestamp":"2026-08-29T01:55:21.116154Z","level":"info","event":"[INTEGRACAO] Gerando Star Schema para SP/2024/08","logger":"task.stdout"}
{"timestamp":"2026-08-29T01:55:21.190133Z","level":"info","event":"GERANDO STAR SCHEMA PARA SP 2024/08","logger":"integracao","filename":"integracao.py","lineno":430}
{"timestamp":"2026-08-29T01:55:21.190283Z","level":"info","event":"Gerando DIM_MUNICIPIO...","logger":"integracao","filename":"integracao.py","lineno":57}
{"timestamp":"2026-08-29T01:55:21.214023Z","level":"info","event":"Incluídos 721 municípios de residência sem cadastro IBGE-SP.","logger":"integracao","filename":"integracao.py","lineno":92}
{"timestamp":"2026-08-29T01:55:21.215346Z","level":"info","event":"DIM_MUNICIPIO gerada: 1,366 municípios","logger":"integracao","filename":"integracao.py","lineno":108}
{"timestamp":"2026-08-29T01:55:21.215543Z","level":"info","event":"Gerando DIM_HOSPITAL...","logger":"integracao","filename":"integracao.py","lineno":114}
{"timestamp":"2026-08-29T01:55:21.221051Z","level":"info","event":"DIM_HOSPITAL gerada: 1,428 hospitais","logger":"integracao","filename":"integracao.py","lineno":177}
{"timestamp":"2026-08-29T01:55:21.221194Z","level":"info","event":"Gerando DIM_TEMPO...","logger":"integracao","filename":"integracao.py","lineno":183}
{"timestamp":"2026-08-29T01:55:21.270995Z","level":"info","event":"DIM_TEMPO gerada: 1,175 datas únicas","logger":"integracao","filename":"integracao.py","lineno":208}
{"timestamp":"2026-08-29T01:55:21.271145Z","level":"info","event":"Gerando FATO_INTERNACAO...","logger":"integracao","filename":"integracao.py","lineno":237}
{"timestamp":"2026-08-29T01:55:24.279477Z","level":"info","event":"FATO_INTERNACAO gerada: 231,272 registros","logger":"integracao","filename":"integracao.py","lineno":364}
{"timestamp":"2026-08-29T01:55:24.302666Z","level":"info","event":"DIM_MUNICIPIO salva: /opt/airflow/data/processado/dim_municipio_SP_2024_08.parquet","logger":"integracao","filename":"integracao.py","lineno":401}
{"timestamp":"2026-08-29T01:55:24.531511Z","level":"info","event":"Upload concluído: meddata-gold/dim_municipio/SP/2024/08/dim_municipio_SP_2024_08.parquet","logger":"integracao","filename":"integracao.py","lineno":44}
{"timestamp":"2026-08-29T01:55:24.570518Z","level":"info","event":"DIM_HOSPITAL salva: /opt/airflow/data/processado/dim_hospital_SP_2024_08.parquet","logger":"integracao","filename":"integracao.py","lineno":401}
{"timestamp":"2026-08-29T01:55:24.748972Z","level":"info","event":"Upload concluído: meddata-gold/dim_hospital/SP/2024/08/dim_hospital_SP_2024_08.parquet","logger":"integracao","filename":"integracao.py","lineno":44}
{"timestamp":"2026-08-29T01:55:24.772874Z","level":"info","event":"DIM_TEMPO salva: /opt/airflow/data/processado/dim_tempo_SP_2024_08.parquet","logger":"integracao","filename":"integracao.py","lineno":401}
{"timestamp":"2026-08-29T01:55:24.944512Z","level":"info","event":"Upload concluído: meddata-gold/dim_tempo/SP/2024/08/dim_tempo_SP_2024_08.parquet","logger":"integracao","filename":"integracao.py","lineno":44}
{"timestamp":"2026-08-29T01:55:25.418780Z","level":"info","event":"FATO_INTERNACAO salva: /opt/airflow/data/processado/fato_internacao_SP_2024_08.parquet","logger":"integracao","filename":"integracao.py","lineno":401}
{"timestamp":"2026-08-29T01:55:25.824706Z","level":"info","event":"Upload concluído: meddata-gold/fato_internacao/SP/2024/08/fato_internacao_SP_2024_08.parquet","logger":"integracao","filename":"integracao.py","lineno":44}
{"timestamp":"2026-08-29T01:55:25.828402Z","level":"info","event":"[INTEGRACAO] Concluída com sucesso.","logger":"task.stdout"}
{"timestamp":"2026-08-29T01:55:25.832736Z","level":"info","event":"Done. Returned value was: None","logger":"airflow.task.operators.airflow.providers.standard.operators.python.PythonOperator","filename":"python.py","lineno":229}
{"timestamp":"2026-08-29T03:39:37.204460Z","level":"info","event":"DAG bundles loaded: dags-folder","logger":"airflow.dag_processing.bundles.manager.DagBundlesManager","filename":"manager.py","lineno":209}
{"timestamp":"2026-08-29T03:39:37.205747Z","level":"info","event":"Filling up the DagBag from /opt/airflow/dags/meddata_pipeline.py","logger":"airflow.dag_processing.dagbag.BundleDagBag","filename":"dagbag.py","lineno":469}
{"timestamp":"2026-08-29T03:39:37.671890Z","level":"info","event":"Default Auth client Circuit breaker strategy enabled","logger":"oci.circuit_breaker","filename":"__init__.py","lineno":28}
{"timestamp":"2026-08-29T03:39:37.965432Z","level":"warning","event":"The `airflow.hooks.base.BaseHook` attribute is deprecated. Please use `'airflow.sdk.bases.hook.BaseHook'`.","category":"UserWarning","filename":"/opt/airflow/dags/meddata_pipeline.py","lineno":11,"logger":"py.warnings"}
{"timestamp":"2026-08-29T03:39:37.983593Z","level":"info","event":"[INTEGRACAO] Gerando Star Schema para SP/2024/08","logger":"task.stdout"}
{"timestamp":"2026-08-29T03:39:38.111475Z","level":"info","event":"GERANDO STAR SCHEMA PARA SP 2024/08","logger":"integracao","filename":"integracao.py","lineno":430}
{"timestamp":"2026-08-29T03:39:38.111685Z","level":"info","event":"Gerando DIM_MUNICIPIO...","logger":"integracao","filename":"integracao.py","lineno":57}
{"timestamp":"2026-08-29T03:39:38.130520Z","level":"info","event":"Incluídos 721 municípios de residência sem cadastro IBGE-SP.","logger":"integracao","filename":"integracao.py","lineno":92}
{"timestamp":"2026-08-29T03:39:38.131747Z","level":"info","event":"DIM_MUNICIPIO gerada: 1,366 municípios","logger":"integracao","filename":"integracao.py","lineno":108}
{"timestamp":"2026-08-29T03:39:38.131910Z","level":"info","event":"Gerando DIM_HOSPITAL...","logger":"integracao","filename":"integracao.py","lineno":114}
{"timestamp":"2026-08-29T03:39:38.137120Z","level":"info","event":"DIM_HOSPITAL gerada: 1,428 hospitais","logger":"integracao","filename":"integracao.py","lineno":177}
{"timestamp":"2026-08-29T03:39:38.137267Z","level":"info","event":"Gerando DIM_TEMPO...","logger":"integracao","filename":"integracao.py","lineno":183}
{"timestamp":"2026-08-29T03:39:38.190694Z","level":"info","event":"DIM_TEMPO gerada: 1,175 datas únicas","logger":"integracao","filename":"integracao.py","lineno":208}
{"timestamp":"2026-08-29T03:39:38.190865Z","level":"info","event":"Gerando FATO_INTERNACAO...","logger":"integracao","filename":"integracao.py","lineno":237}
{"timestamp":"2026-08-29T03:39:41.159874Z","level":"info","event":"FATO_INTERNACAO gerada: 231,272 registros","logger":"integracao","filename":"integracao.py","lineno":364}
{"timestamp":"2026-08-29T03:39:41.182622Z","level":"info","event":"DIM_MUNICIPIO salva: /opt/airflow/data/processado/dim_municipio_SP_2024_08.parquet","logger":"integracao","filename":"integracao.py","lineno":401}
{"timestamp":"2026-08-29T03:39:41.418423Z","level":"info","event":"Upload concluído: meddata-gold/dim_municipio/SP/2024/08/dim_municipio_SP_2024_08.parquet","logger":"integracao","filename":"integracao.py","lineno":44}
{"timestamp":"2026-08-29T03:39:41.455946Z","level":"info","event":"DIM_HOSPITAL salva: /opt/airflow/data/processado/dim_hospital_SP_2024_08.parquet","logger":"integracao","filename":"integracao.py","lineno":401}
{"timestamp":"2026-08-29T03:39:41.612530Z","level":"info","event":"Upload concluído: meddata-gold/dim_hospital/SP/2024/08/dim_hospital_SP_2024_08.parquet","logger":"integracao","filename":"integracao.py","lineno":44}
{"timestamp":"2026-08-29T03:39:41.633880Z","level":"info","event":"DIM_TEMPO salva: /opt/airflow/data/processado/dim_tempo_SP_2024_08.parquet","logger":"integracao","filename":"integracao.py","lineno":401}
{"timestamp":"2026-08-29T03:39:41.797012Z","level":"info","event":"Upload concluído: meddata-gold/dim_tempo/SP/2024/08/dim_tempo_SP_2024_08.parquet","logger":"integracao","filename":"integracao.py","lineno":44}
{"timestamp":"2026-08-29T03:39:42.251131Z","level":"info","event":"FATO_INTERNACAO salva: /opt/airflow/data/processado/fato_internacao_SP_2024_08.parquet","logger":"integracao","filename":"integracao.py","lineno":401}
{"timestamp":"2026-08-29T03:39:42.668572Z","level":"info","event":"Upload concluído: meddata-gold/fato_internacao/SP/2024/08/fato_internacao_SP_2024_08.parquet","logger":"integracao","filename":"integracao.py","lineno":44}
{"timestamp":"2026-08-29T03:39:42.672978Z","level":"info","event":"[INTEGRACAO] Concluída com sucesso.","logger":"task.stdout"}
{"timestamp":"2026-08-29T03:39:42.675288Z","level":"info","event":"Done. Returned value was: None","logger":"airflow.task.operators.airflow.providers.standard.operators.python.PythonOperator","filename":"python.py","lineno":229}
{"timestamp":"2026-08-29T17:20:45.815167Z","level":"info","event":"DAG bundles loaded: dags-folder","logger":"airflow.dag_processing.bundles.manager.DagBundlesManager","filename":"manager.py","lineno":209}
{"timestamp":"2026-08-29T17:20:45.816647Z","level":"info","event":"Filling up the DagBag from /opt/airflow/dags/meddata_pipeline.py","logger":"airflow.dag_processing.dagbag.BundleDagBag","filename":"dagbag.py","lineno":469}
{"timestamp":"2026-08-29T17:20:46.346703Z","level":"info","event":"Default Auth client Circuit breaker strategy enabled","logger":"oci.circuit_breaker","filename":"__init__.py","lineno":28}
{"timestamp":"2026-08-29T17:20:46.652883Z","level":"warning","event":"The `airflow.hooks.base.BaseHook` attribute is deprecated. Please use `'airflow.sdk.bases.hook.BaseHook'`.","category":"UserWarning","filename":"/opt/airflow/dags/meddata_pipeline.py","lineno":11,"logger":"py.warnings"}
{"timestamp":"2026-08-29T17:20:46.671235Z","level":"info","event":"[INTEGRACAO] Gerando Star Schema para SP/2024/08","logger":"task.stdout"}
{"timestamp":"2026-08-29T17:20:46.749597Z","level":"info","event":"GERANDO STAR SCHEMA PARA SP 2024/08","logger":"integracao","filename":"integracao.py","lineno":430}
{"timestamp":"2026-08-29T17:20:46.749782Z","level":"info","event":"Gerando DIM_MUNICIPIO...","logger":"integracao","filename":"integracao.py","lineno":57}
{"timestamp":"2026-08-29T17:20:46.771652Z","level":"info","event":"Incluídos 721 municípios de residência sem cadastro IBGE-SP.","logger":"integracao","filename":"integracao.py","lineno":92}
{"timestamp":"2026-08-29T17:20:46.773075Z","level":"info","event":"DIM_MUNICIPIO gerada: 1,366 municípios","logger":"integracao","filename":"integracao.py","lineno":108}
{"timestamp":"2026-08-29T17:20:46.773247Z","level":"info","event":"Gerando DIM_HOSPITAL...","logger":"integracao","filename":"integracao.py","lineno":114}
{"timestamp":"2026-08-29T17:20:46.777727Z","level":"info","event":"DIM_HOSPITAL gerada: 1,428 hospitais","logger":"integracao","filename":"integracao.py","lineno":177}
{"timestamp":"2026-08-29T17:20:46.777893Z","level":"info","event":"Gerando DIM_TEMPO...","logger":"integracao","filename":"integracao.py","lineno":183}
{"timestamp":"2026-08-29T17:20:46.834577Z","level":"info","event":"DIM_TEMPO gerada: 1,175 datas únicas","logger":"integracao","filename":"integracao.py","lineno":208}
{"timestamp":"2026-08-29T17:20:46.834727Z","level":"info","event":"Gerando FATO_INTERNACAO...","logger":"integracao","filename":"integracao.py","lineno":237}
{"timestamp":"2026-08-29T17:20:49.896783Z","level":"info","event":"FATO_INTERNACAO gerada: 231,272 registros","logger":"integracao","filename":"integracao.py","lineno":364}
{"timestamp":"2026-08-29T17:20:49.931267Z","level":"info","event":"DIM_MUNICIPIO salva: /opt/airflow/data/processado/dim_municipio_SP_2024_08.parquet","logger":"integracao","filename":"integracao.py","lineno":401}
{"timestamp":"2026-08-29T17:20:50.317581Z","level":"info","event":"Upload concluído: meddata-gold/dim_municipio/SP/2024/08/dim_municipio_SP_2024_08.parquet","logger":"integracao","filename":"integracao.py","lineno":44}
{"timestamp":"2026-08-29T17:20:50.390746Z","level":"info","event":"DIM_HOSPITAL salva: /opt/airflow/data/processado/dim_hospital_SP_2024_08.parquet","logger":"integracao","filename":"integracao.py","lineno":401}
{"timestamp":"2026-08-29T17:20:50.596747Z","level":"info","event":"Upload concluído: meddata-gold/dim_hospital/SP/2024/08/dim_hospital_SP_2024_08.parquet","logger":"integracao","filename":"integracao.py","lineno":44}
{"timestamp":"2026-08-29T17:20:50.629607Z","level":"info","event":"DIM_TEMPO salva: /opt/airflow/data/processado/dim_tempo_SP_2024_08.parquet","logger":"integracao","filename":"integracao.py","lineno":401}
{"timestamp":"2026-08-29T17:20:50.829420Z","level":"info","event":"Upload concluído: meddata-gold/dim_tempo/SP/2024/08/dim_tempo_SP_2024_08.parquet","logger":"integracao","filename":"integracao.py","lineno":44}
{"timestamp":"2026-08-29T17:20:51.312021Z","level":"info","event":"FATO_INTERNACAO salva: /opt/airflow/data/processado/fato_internacao_SP_2024_08.parquet","logger":"integracao","filename":"integracao.py","lineno":401}
{"timestamp":"2026-08-29T17:20:51.724339Z","level":"info","event":"Upload concluído: meddata-gold/fato_internacao/SP/2024/08/fato_internacao_SP_2024_08.parquet","logger":"integracao","filename":"integracao.py","lineno":44}
{"timestamp":"2026-08-29T17:20:51.728552Z","level":"info","event":"[INTEGRACAO] Concluída com sucesso.","logger":"task.stdout"}
{"timestamp":"2026-08-29T17:20:51.730629Z","level":"info","event":"Done. Returned value was: None","logger":"airflow.task.operators.airflow.providers.standard.operators.python.PythonOperator","filename":"python.py","lineno":229}
