{"timestamp":"2026-08-28T22:14:07.485138Z","level":"info","event":"DAG bundles loaded: dags-folder","logger":"airflow.dag_processing.bundles.manager.DagBundlesManager","filename":"manager.py","lineno":209}
{"timestamp":"2026-08-28T22:14:07.486358Z","level":"info","event":"Filling up the DagBag from /opt/airflow/dags/meddata_pipeline.py","logger":"airflow.dag_processing.dagbag.BundleDagBag","filename":"dagbag.py","lineno":469}
{"timestamp":"2026-08-28T22:14:08.012314Z","level":"info","event":"Default Auth client Circuit breaker strategy enabled","logger":"oci.circuit_breaker","filename":"__init__.py","lineno":28}
{"timestamp":"2026-08-28T22:14:08.353606Z","level":"warning","event":"The `airflow.hooks.base.BaseHook` attribute is deprecated. Please use `'airflow.sdk.bases.hook.BaseHook'`.","category":"UserWarning","filename":"/opt/airflow/dags/meddata_pipeline.py","lineno":11,"logger":"py.warnings"}
{"timestamp":"2026-08-28T22:14:08.373887Z","level":"info","event":"[INGESTAO] Baixando dados para SP/2024/08","logger":"task.stdout"}
{"timestamp":"2026-08-28T22:14:08.374842Z","level":"info","event":"==================================================","logger":"task.stdout"}
{"timestamp":"2026-08-28T22:14:08.375514Z","level":"info","event":"INICIANDO INGESTÃO DE DADOS","logger":"task.stdout"}
{"timestamp":"2026-08-28T22:14:08.376080Z","level":"info","event":"UF: SP | Ano: 2024 | Mês: 08","logger":"task.stdout"}
{"timestamp":"2026-08-28T22:14:08.376627Z","level":"info","event":"Upload para OCI: NÃO","logger":"task.stdout"}
{"timestamp":"2026-08-28T22:14:08.377133Z","level":"info","event":"==================================================","logger":"task.stdout"}
{"timestamp":"2026-08-28T22:14:08.377649Z","level":"info","event":"[SIH] Baixando dados: SP 2024/08","logger":"task.stdout"}
{"timestamp":"2026-08-28T22:14:11.079476Z","level":"error","event":"\rDownloading sih:   0%|          | 0/3 [00:00<?, ?file/s]","logger":"task.stderr"}
{"timestamp":"2026-08-28T22:14:11.096639Z","level":"error","event":"\rRJSP2408.parquet: 0.00B [00:00, ?B/s]\u001b[A","logger":"task.stderr"}
{"timestamp":"2026-08-28T22:14:11.097521Z","level":"error","event":"","logger":"task.stderr"}
{"timestamp":"2026-08-28T22:14:11.099910Z","level":"error","event":"\rRDSP2408.parquet: 0.00B [00:00, ?B/s]\u001b[A\u001b[A","logger":"task.stderr"}
{"timestamp":"2026-08-28T22:14:11.100453Z","level":"error","event":"","logger":"task.stderr"}
{"timestamp":"2026-08-28T22:14:11.100966Z","level":"error","event":"","logger":"task.stderr"}
{"timestamp":"2026-08-28T22:14:11.107556Z","level":"error","event":"\rERSP2408.parquet: 0.00B [00:00, ?B/s]\u001b[A\u001b[A\u001b[A\rERSP2408.parquet: 0.00B [00:00, ?B/s]","logger":"task.stderr"}
{"timestamp":"2026-08-28T22:14:11.108540Z","level":"error","event":"\rRJSP2408.parquet: 0.00B [00:00, ?B/s]","logger":"task.stderr"}
{"timestamp":"2026-08-28T22:14:11.111381Z","level":"error","event":"\rRDSP2408.parquet: 0.00B [00:00, ?B/s]","logger":"task.stderr"}
{"timestamp":"2026-08-28T22:14:11.112170Z","level":"error","event":"\rDownloading sih: 100%|██████████| 3/3 [00:00<00:00, 91.81file/s]","logger":"task.stderr"}
{"timestamp":"2026-08-28T22:14:11.747264Z","level":"info","event":"[SIH] Carregado: 246,085 registros","logger":"task.stdout"}
{"timestamp":"2026-08-28T22:14:14.801274Z","level":"info","event":"[SIH] Salvo localmente em: /opt/airflow/data/raw/sih_SP_2024_08.parquet","logger":"task.stdout"}
{"timestamp":"2026-08-28T22:14:14.802060Z","level":"info","event":"[CNES] Baixando dados: SP 2024/08","logger":"task.stdout"}
{"timestamp":"2026-08-28T22:14:17.102759Z","level":"error","event":"\rDownloading cnes:   0%|          | 0/1 [00:00<?, ?file/s]","logger":"task.stderr"}
{"timestamp":"2026-08-28T22:14:18.753960Z","level":"error","event":"\rLTSP2408.parquet: 0.00B [00:00, ?B/s]\u001b[A","logger":"task.stderr"}
{"timestamp":"2026-08-28T22:14:18.754958Z","level":"error","event":"\rLTSP2408.parquet:   0%|          | 0.00/98.6k [00:00<?, ?B/s]\u001b[A","logger":"task.stderr"}
{"timestamp":"2026-08-28T22:14:18.833551Z","level":"error","event":"\rLTSP2408.parquet:  66%|██████▋   | 65.5k/98.6k [00:00<00:00, 360MB/s]\u001b[A","logger":"task.stderr"}
{"timestamp":"2026-08-28T22:14:18.861009Z","level":"error","event":"\rLTSP2408.parquet: 100%|██████████| 98.6k/98.6k [00:00<00:00, 1.24MB/s]\u001b[A\rLTSP2408.parquet: 100%|██████████| 98.6k/98.6k [00:00<00:00, 922kB/s]","logger":"task.stderr"}
{"timestamp":"2026-08-28T22:14:18.862440Z","level":"error","event":"\rDownloading cnes: 100%|██████████| 1/1 [00:01<00:00,  1.76s/file]\rDownloading cnes: 100%|██████████| 1/1 [00:01<00:00,  1.76s/file]","logger":"task.stderr"}
{"timestamp":"2026-08-28T22:14:18.870655Z","level":"info","event":"[CNES] Carregado: 8,445 registros","logger":"task.stdout"}
{"timestamp":"2026-08-28T22:14:18.947865Z","level":"info","event":"[CNES] Salvo localmente em: /opt/airflow/data/raw/cnes_SP_2024_08.parquet","logger":"task.stdout"}
{"timestamp":"2026-08-28T22:14:18.948747Z","level":"info","event":"[IBGE] Carregando dados para SP","logger":"task.stdout"}
{"timestamp":"2026-08-28T22:14:19.218379Z","level":"info","event":"[IBGE] Carregado: 645 municípios","logger":"task.stdout"}
{"timestamp":"2026-08-28T22:14:19.244102Z","level":"info","event":"[IBGE] Salvo localmente em: /opt/airflow/data/reference/ibge_SP.parquet","logger":"task.stdout"}
{"timestamp":"2026-08-28T22:14:19.244872Z","level":"info","event":"==================================================","logger":"task.stdout"}
{"timestamp":"2026-08-28T22:14:19.245510Z","level":"info","event":"RESUMO DA INGESTÃO","logger":"task.stdout"}
{"timestamp":"2026-08-28T22:14:19.246132Z","level":"info","event":"SIH        | OK    |  246,085 registros","logger":"task.stdout"}
{"timestamp":"2026-08-28T22:14:19.247017Z","level":"info","event":"CNES       | OK    |    8,445 registros","logger":"task.stdout"}
{"timestamp":"2026-08-28T22:14:19.247669Z","level":"info","event":"IBGE       | OK    |      645 registros","logger":"task.stdout"}
{"timestamp":"2026-08-28T22:14:19.248279Z","level":"info","event":"==================================================","logger":"task.stdout"}
{"timestamp":"2026-08-28T22:14:19.248840Z","level":"info","event":"[INGESTAO] Concluída com sucesso.","logger":"task.stdout"}
{"timestamp":"2026-08-28T22:14:19.286814Z","level":"info","event":"Done. Returned value was: None","logger":"airflow.task.operators.airflow.providers.standard.operators.python.PythonOperator","filename":"python.py","lineno":229}
