{"timestamp":"2026-08-29T04:11:37.580708Z","level":"info","event":"DAG bundles loaded: dags-folder","logger":"airflow.dag_processing.bundles.manager.DagBundlesManager","filename":"manager.py","lineno":209}
{"timestamp":"2026-08-29T04:11:37.582725Z","level":"info","event":"Filling up the DagBag from /opt/airflow/dags/meddata_pipeline.py","logger":"airflow.dag_processing.dagbag.BundleDagBag","filename":"dagbag.py","lineno":469}
{"timestamp":"2026-08-29T04:11:38.153333Z","level":"info","event":"Default Auth client Circuit breaker strategy enabled","logger":"oci.circuit_breaker","filename":"__init__.py","lineno":28}
{"timestamp":"2026-08-29T04:11:38.497048Z","level":"warning","event":"The `airflow.hooks.base.BaseHook` attribute is deprecated. Please use `'airflow.sdk.bases.hook.BaseHook'`.","category":"UserWarning","filename":"/opt/airflow/dags/meddata_pipeline.py","lineno":11,"logger":"py.warnings"}
{"timestamp":"2026-08-29T04:11:38.520178Z","level":"info","event":"[CARGA] Carregando dados para SP/2024/08","logger":"task.stdout"}
{"timestamp":"2026-08-29T04:11:38.529430Z","level":"info","event":"============================================================","logger":"task.stdout"}
{"timestamp":"2026-08-29T04:11:38.530340Z","level":"info","event":"INICIANDO CARGA ANALITICA","logger":"task.stdout"}
{"timestamp":"2026-08-29T04:11:38.531030Z","level":"info","event":"============================================================","logger":"task.stdout"}
{"timestamp":"2026-08-29T04:11:38.531685Z","level":"info","event":"UF: SP","logger":"task.stdout"}
{"timestamp":"2026-08-29T04:11:38.532367Z","level":"info","event":"Ano: 2024","logger":"task.stdout"}
{"timestamp":"2026-08-29T04:11:38.532957Z","level":"info","event":"Mes: 08","logger":"task.stdout"}
{"timestamp":"2026-08-29T04:11:38.533576Z","level":"info","event":"DSN: meddata_high","logger":"task.stdout"}
{"timestamp":"2026-08-29T04:11:38.534186Z","level":"info","event":"Namespace: grtrhsatn1p6","logger":"task.stdout"}
{"timestamp":"2026-08-29T04:11:38.534770Z","level":"info","event":"============================================================","logger":"task.stdout"}
{"timestamp":"2026-08-29T04:11:38.719743Z","level":"info","event":"Conectado ao Autonomous Database como ADMIN","logger":"task.stdout"}
{"timestamp":"2026-08-29T04:11:38.720773Z","level":"info","event":"","logger":"task.stdout"}
{"timestamp":"2026-08-29T04:11:38.721524Z","level":"info","event":"Carregando DIM_MUNICIPIO...","logger":"task.stdout"}
{"timestamp":"2026-08-29T04:11:38.722151Z","level":"info","event":"  Arquivo: dim_municipio_SP_2024_08.parquet","logger":"task.stdout"}
{"timestamp":"2026-08-29T04:11:38.738063Z","level":"info","event":"  Erro ao carregar DIM_MUNICIPIO: ORA-20005: Table \"ADMIN\".\"DIM_MUNICIPIO\" does not exist","logger":"task.stdout"}
{"timestamp":"2026-08-29T04:11:38.739047Z","level":"info","event":"ORA-06512: at \"C##CLOUD$SERVICE.DBMS_CLOUD$PDBCS_260807_1\", line 2291","logger":"task.stdout"}
{"timestamp":"2026-08-29T04:11:38.739690Z","level":"info","event":"ORA-06512: at \"C##CLOUD$SERVICE.DBMS_CLOUD$PDBCS_260807_1\", line 14081","logger":"task.stdout"}
{"timestamp":"2026-08-29T04:11:38.740282Z","level":"info","event":"ORA-06512: at \"C##CLOUD$SERVICE.DBMS_CLOUD$PDBCS_260807_1\", line 14102","logger":"task.stdout"}
{"timestamp":"2026-08-29T04:11:38.740876Z","level":"info","event":"ORA-06512: at line 2","logger":"task.stdout"}
{"timestamp":"2026-08-29T04:11:38.741559Z","level":"info","event":"","logger":"task.stdout"}
{"timestamp":"2026-08-29T04:11:38.742169Z","level":"info","event":"Carregando DIM_HOSPITAL...","logger":"task.stdout"}
{"timestamp":"2026-08-29T04:11:38.742790Z","level":"info","event":"  Arquivo: dim_hospital_SP_2024_08.parquet","logger":"task.stdout"}
{"timestamp":"2026-08-29T04:11:38.755856Z","level":"info","event":"  Erro ao carregar DIM_HOSPITAL: ORA-20005: Table \"ADMIN\".\"DIM_HOSPITAL\" does not exist","logger":"task.stdout"}
{"timestamp":"2026-08-29T04:11:38.756940Z","level":"info","event":"ORA-06512: at \"C##CLOUD$SERVICE.DBMS_CLOUD$PDBCS_260807_1\", line 2291","logger":"task.stdout"}
{"timestamp":"2026-08-29T04:11:38.757640Z","level":"info","event":"ORA-06512: at \"C##CLOUD$SERVICE.DBMS_CLOUD$PDBCS_260807_1\", line 14081","logger":"task.stdout"}
{"timestamp":"2026-08-29T04:11:38.758308Z","level":"info","event":"ORA-06512: at \"C##CLOUD$SERVICE.DBMS_CLOUD$PDBCS_260807_1\", line 14102","logger":"task.stdout"}
{"timestamp":"2026-08-29T04:11:38.758900Z","level":"info","event":"ORA-06512: at line 2","logger":"task.stdout"}
{"timestamp":"2026-08-29T04:11:38.759464Z","level":"info","event":"","logger":"task.stdout"}
{"timestamp":"2026-08-29T04:11:38.760079Z","level":"info","event":"Carregando DIM_TEMPO...","logger":"task.stdout"}
{"timestamp":"2026-08-29T04:11:38.760736Z","level":"info","event":"  Arquivo: dim_tempo_SP_2024_08.parquet","logger":"task.stdout"}
{"timestamp":"2026-08-29T04:11:38.774509Z","level":"info","event":"  Erro ao carregar DIM_TEMPO: ORA-20005: Table \"ADMIN\".\"DIM_TEMPO\" does not exist","logger":"task.stdout"}
{"timestamp":"2026-08-29T04:11:38.775404Z","level":"info","event":"ORA-06512: at \"C##CLOUD$SERVICE.DBMS_CLOUD$PDBCS_260807_1\", line 2291","logger":"task.stdout"}
{"timestamp":"2026-08-29T04:11:38.776082Z","level":"info","event":"ORA-06512: at \"C##CLOUD$SERVICE.DBMS_CLOUD$PDBCS_260807_1\", line 14081","logger":"task.stdout"}
{"timestamp":"2026-08-29T04:11:38.776739Z","level":"info","event":"ORA-06512: at \"C##CLOUD$SERVICE.DBMS_CLOUD$PDBCS_260807_1\", line 14102","logger":"task.stdout"}
{"timestamp":"2026-08-29T04:11:38.777305Z","level":"info","event":"ORA-06512: at line 2","logger":"task.stdout"}
{"timestamp":"2026-08-29T04:11:38.777876Z","level":"info","event":"","logger":"task.stdout"}
{"timestamp":"2026-08-29T04:11:38.778432Z","level":"info","event":"Carregando FATO_INTERNACAO...","logger":"task.stdout"}
{"timestamp":"2026-08-29T04:11:38.779037Z","level":"info","event":"  Arquivo: fato_internacao_SP_2024_08.parquet","logger":"task.stdout"}
{"timestamp":"2026-08-29T04:11:38.791113Z","level":"info","event":"  Erro ao carregar FATO_INTERNACAO: ORA-20005: Table \"ADMIN\".\"FATO_INTERNACAO\" does not exist","logger":"task.stdout"}
{"timestamp":"2026-08-29T04:11:38.792015Z","level":"info","event":"ORA-06512: at \"C##CLOUD$SERVICE.DBMS_CLOUD$PDBCS_260807_1\", line 2291","logger":"task.stdout"}
{"timestamp":"2026-08-29T04:11:38.792657Z","level":"info","event":"ORA-06512: at \"C##CLOUD$SERVICE.DBMS_CLOUD$PDBCS_260807_1\", line 14081","logger":"task.stdout"}
{"timestamp":"2026-08-29T04:11:38.793235Z","level":"info","event":"ORA-06512: at \"C##CLOUD$SERVICE.DBMS_CLOUD$PDBCS_260807_1\", line 14102","logger":"task.stdout"}
{"timestamp":"2026-08-29T04:11:38.793811Z","level":"info","event":"ORA-06512: at line 2","logger":"task.stdout"}
{"timestamp":"2026-08-29T04:11:38.799551Z","level":"info","event":"","logger":"task.stdout"}
{"timestamp":"2026-08-29T04:11:38.800382Z","level":"info","event":"============================================================","logger":"task.stdout"}
{"timestamp":"2026-08-29T04:11:38.801002Z","level":"info","event":"CARGA PARCIAL: 0/4 tabelas carregadas","logger":"task.stdout"}
{"timestamp":"2026-08-29T04:11:38.801588Z","level":"info","event":"============================================================","logger":"task.stdout"}
{"timestamp":"2026-08-29T04:11:38.799689Z","level":"error","event":"Task failed with exception","logger":"task","filename":"task_runner.py","lineno":1347,"error_detail":[{"exc_type":"RuntimeError","exc_value":"Falha na carga analítica no Autonomous Database.","exc_notes":[],"syntax_error":null,"is_cause":false,"frames":[{"filename":"/home/airflow/.local/lib/python3.11/site-packages/airflow/sdk/execution_time/task_runner.py","lineno":1263,"name":"run"},{"filename":"/home/airflow/.local/lib/python3.11/site-packages/airflow/sdk/execution_time/task_runner.py","lineno":1678,"name":"_execute_task"},{"filename":"/home/airflow/.local/lib/python3.11/site-packages/airflow/sdk/bases/operator.py","lineno":443,"name":"wrapper"},{"filename":"/home/airflow/.local/lib/python3.11/site-packages/airflow/providers/standard/operators/python.py","lineno":227,"name":"execute"},{"filename":"/home/airflow/.local/lib/python3.11/site-packages/airflow/providers/standard/operators/python.py","lineno":250,"name":"execute_callable"},{"filename":"/home/airflow/.local/lib/python3.11/site-packages/airflow/sdk/execution_time/callback_runner.py","lineno":97,"name":"run"},{"filename":"/opt/airflow/dags/meddata_pipeline.py","lineno":151,"name":"tarefa_carga"}],"is_group":false,"exceptions":[]}]}
