{"timestamp":"2026-08-29T04:06:36.236678Z","level":"info","event":"DAG bundles loaded: dags-folder","logger":"airflow.dag_processing.bundles.manager.DagBundlesManager","filename":"manager.py","lineno":209}
{"timestamp":"2026-08-29T04:06:36.238871Z","level":"info","event":"Filling up the DagBag from /opt/airflow/dags/meddata_pipeline.py","logger":"airflow.dag_processing.dagbag.BundleDagBag","filename":"dagbag.py","lineno":469}
{"timestamp":"2026-08-29T04:06:36.763825Z","level":"info","event":"Default Auth client Circuit breaker strategy enabled","logger":"oci.circuit_breaker","filename":"__init__.py","lineno":28}
{"timestamp":"2026-08-29T04:06:37.080419Z","level":"warning","event":"The `airflow.hooks.base.BaseHook` attribute is deprecated. Please use `'airflow.sdk.bases.hook.BaseHook'`.","category":"UserWarning","filename":"/opt/airflow/dags/meddata_pipeline.py","lineno":11,"logger":"py.warnings"}
{"timestamp":"2026-08-29T04:06:37.105573Z","level":"info","event":"[CARGA] Carregando dados para SP/2024/08","logger":"task.stdout"}
{"timestamp":"2026-08-29T04:06:37.117768Z","level":"info","event":"============================================================","logger":"task.stdout"}
{"timestamp":"2026-08-29T04:06:37.118513Z","level":"info","event":"INICIANDO CARGA ANALITICA","logger":"task.stdout"}
{"timestamp":"2026-08-29T04:06:37.119138Z","level":"info","event":"============================================================","logger":"task.stdout"}
{"timestamp":"2026-08-29T04:06:37.119672Z","level":"info","event":"UF: SP","logger":"task.stdout"}
{"timestamp":"2026-08-29T04:06:37.120198Z","level":"info","event":"Ano: 2024","logger":"task.stdout"}
{"timestamp":"2026-08-29T04:06:37.120715Z","level":"info","event":"Mes: 08","logger":"task.stdout"}
{"timestamp":"2026-08-29T04:06:37.121263Z","level":"info","event":"DSN: meddata_high","logger":"task.stdout"}
{"timestamp":"2026-08-29T04:06:37.121849Z","level":"info","event":"Namespace: grtrhsatn1p6","logger":"task.stdout"}
{"timestamp":"2026-08-29T04:06:37.122367Z","level":"info","event":"============================================================","logger":"task.stdout"}
{"timestamp":"2026-08-29T04:06:37.259989Z","level":"info","event":"Conectado ao Autonomous Database como ADMIN","logger":"task.stdout"}
{"timestamp":"2026-08-29T04:06:37.260914Z","level":"info","event":"","logger":"task.stdout"}
{"timestamp":"2026-08-29T04:06:37.261545Z","level":"info","event":"Carregando DIM_MUNICIPIO...","logger":"task.stdout"}
{"timestamp":"2026-08-29T04:06:37.262055Z","level":"info","event":"  Arquivo: dim_municipio_SP_2024_08.parquet","logger":"task.stdout"}
{"timestamp":"2026-08-29T04:06:37.275096Z","level":"info","event":"  Erro ao carregar DIM_MUNICIPIO: ORA-20005: Table \"ADMIN\".\"DIM_MUNICIPIO\" does not exist","logger":"task.stdout"}
{"timestamp":"2026-08-29T04:06:37.275869Z","level":"info","event":"ORA-06512: at \"C##CLOUD$SERVICE.DBMS_CLOUD$PDBCS_260807_1\", line 2291","logger":"task.stdout"}
{"timestamp":"2026-08-29T04:06:37.276409Z","level":"info","event":"ORA-06512: at \"C##CLOUD$SERVICE.DBMS_CLOUD$PDBCS_260807_1\", line 14081","logger":"task.stdout"}
{"timestamp":"2026-08-29T04:06:37.276970Z","level":"info","event":"ORA-06512: at \"C##CLOUD$SERVICE.DBMS_CLOUD$PDBCS_260807_1\", line 14102","logger":"task.stdout"}
{"timestamp":"2026-08-29T04:06:37.277522Z","level":"info","event":"ORA-06512: at line 2","logger":"task.stdout"}
{"timestamp":"2026-08-29T04:06:37.278019Z","level":"info","event":"","logger":"task.stdout"}
{"timestamp":"2026-08-29T04:06:37.278503Z","level":"info","event":"Carregando DIM_HOSPITAL...","logger":"task.stdout"}
{"timestamp":"2026-08-29T04:06:37.279062Z","level":"info","event":"  Arquivo: dim_hospital_SP_2024_08.parquet","logger":"task.stdout"}
{"timestamp":"2026-08-29T04:06:37.288443Z","level":"info","event":"  Erro ao carregar DIM_HOSPITAL: ORA-20005: Table \"ADMIN\".\"DIM_HOSPITAL\" does not exist","logger":"task.stdout"}
{"timestamp":"2026-08-29T04:06:37.289328Z","level":"info","event":"ORA-06512: at \"C##CLOUD$SERVICE.DBMS_CLOUD$PDBCS_260807_1\", line 2291","logger":"task.stdout"}
{"timestamp":"2026-08-29T04:06:37.290026Z","level":"info","event":"ORA-06512: at \"C##CLOUD$SERVICE.DBMS_CLOUD$PDBCS_260807_1\", line 14081","logger":"task.stdout"}
{"timestamp":"2026-08-29T04:06:37.290614Z","level":"info","event":"ORA-06512: at \"C##CLOUD$SERVICE.DBMS_CLOUD$PDBCS_260807_1\", line 14102","logger":"task.stdout"}
{"timestamp":"2026-08-29T04:06:37.291192Z","level":"info","event":"ORA-06512: at line 2","logger":"task.stdout"}
{"timestamp":"2026-08-29T04:06:37.291709Z","level":"info","event":"","logger":"task.stdout"}
{"timestamp":"2026-08-29T04:06:37.292249Z","level":"info","event":"Carregando DIM_TEMPO...","logger":"task.stdout"}
{"timestamp":"2026-08-29T04:06:37.292828Z","level":"info","event":"  Arquivo: dim_tempo_SP_2024_08.parquet","logger":"task.stdout"}
{"timestamp":"2026-08-29T04:06:37.304318Z","level":"info","event":"  Erro ao carregar DIM_TEMPO: ORA-20005: Table \"ADMIN\".\"DIM_TEMPO\" does not exist","logger":"task.stdout"}
{"timestamp":"2026-08-29T04:06:37.305179Z","level":"info","event":"ORA-06512: at \"C##CLOUD$SERVICE.DBMS_CLOUD$PDBCS_260807_1\", line 2291","logger":"task.stdout"}
{"timestamp":"2026-08-29T04:06:37.305717Z","level":"info","event":"ORA-06512: at \"C##CLOUD$SERVICE.DBMS_CLOUD$PDBCS_260807_1\", line 14081","logger":"task.stdout"}
{"timestamp":"2026-08-29T04:06:37.306218Z","level":"info","event":"ORA-06512: at \"C##CLOUD$SERVICE.DBMS_CLOUD$PDBCS_260807_1\", line 14102","logger":"task.stdout"}
{"timestamp":"2026-08-29T04:06:37.306717Z","level":"info","event":"ORA-06512: at line 2","logger":"task.stdout"}
{"timestamp":"2026-08-29T04:06:37.307274Z","level":"info","event":"","logger":"task.stdout"}
{"timestamp":"2026-08-29T04:06:37.307781Z","level":"info","event":"Carregando FATO_INTERNACAO...","logger":"task.stdout"}
{"timestamp":"2026-08-29T04:06:37.308269Z","level":"info","event":"  Arquivo: fato_internacao_SP_2024_08.parquet","logger":"task.stdout"}
{"timestamp":"2026-08-29T04:06:37.319097Z","level":"info","event":"  Erro ao carregar FATO_INTERNACAO: ORA-20005: Table \"ADMIN\".\"FATO_INTERNACAO\" does not exist","logger":"task.stdout"}
{"timestamp":"2026-08-29T04:06:37.319949Z","level":"info","event":"ORA-06512: at \"C##CLOUD$SERVICE.DBMS_CLOUD$PDBCS_260807_1\", line 2291","logger":"task.stdout"}
{"timestamp":"2026-08-29T04:06:37.320452Z","level":"info","event":"ORA-06512: at \"C##CLOUD$SERVICE.DBMS_CLOUD$PDBCS_260807_1\", line 14081","logger":"task.stdout"}
{"timestamp":"2026-08-29T04:06:37.321011Z","level":"info","event":"ORA-06512: at \"C##CLOUD$SERVICE.DBMS_CLOUD$PDBCS_260807_1\", line 14102","logger":"task.stdout"}
{"timestamp":"2026-08-29T04:06:37.321513Z","level":"info","event":"ORA-06512: at line 2","logger":"task.stdout"}
{"timestamp":"2026-08-29T04:06:37.326466Z","level":"info","event":"","logger":"task.stdout"}
{"timestamp":"2026-08-29T04:06:37.327182Z","level":"info","event":"============================================================","logger":"task.stdout"}
{"timestamp":"2026-08-29T04:06:37.327721Z","level":"info","event":"CARGA PARCIAL: 0/4 tabelas carregadas","logger":"task.stdout"}
{"timestamp":"2026-08-29T04:06:37.328211Z","level":"info","event":"============================================================","logger":"task.stdout"}
{"timestamp":"2026-08-29T04:06:37.326596Z","level":"error","event":"Task failed with exception","logger":"task","filename":"task_runner.py","lineno":1347,"error_detail":[{"exc_type":"RuntimeError","exc_value":"Falha na carga analítica no Autonomous Database.","exc_notes":[],"syntax_error":null,"is_cause":false,"frames":[{"filename":"/home/airflow/.local/lib/python3.11/site-packages/airflow/sdk/execution_time/task_runner.py","lineno":1263,"name":"run"},{"filename":"/home/airflow/.local/lib/python3.11/site-packages/airflow/sdk/execution_time/task_runner.py","lineno":1678,"name":"_execute_task"},{"filename":"/home/airflow/.local/lib/python3.11/site-packages/airflow/sdk/bases/operator.py","lineno":443,"name":"wrapper"},{"filename":"/home/airflow/.local/lib/python3.11/site-packages/airflow/providers/standard/operators/python.py","lineno":227,"name":"execute"},{"filename":"/home/airflow/.local/lib/python3.11/site-packages/airflow/providers/standard/operators/python.py","lineno":250,"name":"execute_callable"},{"filename":"/home/airflow/.local/lib/python3.11/site-packages/airflow/sdk/execution_time/callback_runner.py","lineno":97,"name":"run"},{"filename":"/opt/airflow/dags/meddata_pipeline.py","lineno":151,"name":"tarefa_carga"}],"is_group":false,"exceptions":[]}]}
