{"timestamp":"2026-08-29T18:02:17.043834Z","level":"info","event":"DAG bundles loaded: dags-folder","logger":"airflow.dag_processing.bundles.manager.DagBundlesManager","filename":"manager.py","lineno":209}
{"timestamp":"2026-08-29T18:02:17.044821Z","level":"info","event":"Filling up the DagBag from /opt/airflow/dags/meddata_pipeline.py","logger":"airflow.dag_processing.dagbag.BundleDagBag","filename":"dagbag.py","lineno":469}
{"timestamp":"2026-08-29T18:02:17.505763Z","level":"info","event":"Default Auth client Circuit breaker strategy enabled","logger":"oci.circuit_breaker","filename":"__init__.py","lineno":28}
{"timestamp":"2026-08-29T18:02:17.825103Z","level":"warning","event":"The `airflow.hooks.base.BaseHook` attribute is deprecated. Please use `'airflow.sdk.bases.hook.BaseHook'`.","category":"UserWarning","filename":"/opt/airflow/dags/meddata_pipeline.py","lineno":11,"logger":"py.warnings"}
{"timestamp":"2026-08-29T18:02:17.842363Z","level":"info","event":"[CARGA] Carregando dados para SP/2024/08","logger":"task.stdout"}
{"timestamp":"2026-08-29T18:02:17.849572Z","level":"info","event":"============================================================","logger":"task.stdout"}
{"timestamp":"2026-08-29T18:02:17.850419Z","level":"info","event":"INICIANDO CARGA ANALITICA","logger":"task.stdout"}
{"timestamp":"2026-08-29T18:02:17.850937Z","level":"info","event":"============================================================","logger":"task.stdout"}
{"timestamp":"2026-08-29T18:02:17.851424Z","level":"info","event":"UF: SP","logger":"task.stdout"}
{"timestamp":"2026-08-29T18:02:17.851949Z","level":"info","event":"Ano: 2024","logger":"task.stdout"}
{"timestamp":"2026-08-29T18:02:17.852416Z","level":"info","event":"Mes: 08","logger":"task.stdout"}
{"timestamp":"2026-08-29T18:02:17.853005Z","level":"info","event":"DSN: meddata_high","logger":"task.stdout"}
{"timestamp":"2026-08-29T18:02:17.853741Z","level":"info","event":"Namespace: grtrhsatn1p6","logger":"task.stdout"}
{"timestamp":"2026-08-29T18:02:17.854522Z","level":"info","event":"============================================================","logger":"task.stdout"}
{"timestamp":"2026-08-29T18:02:18.006211Z","level":"info","event":"Conectado ao Autonomous Database como ADMIN","logger":"task.stdout"}
{"timestamp":"2026-08-29T18:02:18.007068Z","level":"info","event":"","logger":"task.stdout"}
{"timestamp":"2026-08-29T18:02:18.007663Z","level":"info","event":"Carregando DIM_MUNICIPIO...","logger":"task.stdout"}
{"timestamp":"2026-08-29T18:02:18.008235Z","level":"info","event":"  Arquivo: dim_municipio_SP_2024_08.parquet","logger":"task.stdout"}
{"timestamp":"2026-08-29T18:02:30.261195Z","level":"info","event":"  DIM_MUNICIPIO carregada com sucesso","logger":"task.stdout"}
{"timestamp":"2026-08-29T18:02:30.262008Z","level":"info","event":"","logger":"task.stdout"}
{"timestamp":"2026-08-29T18:02:30.262636Z","level":"info","event":"Carregando DIM_HOSPITAL...","logger":"task.stdout"}
{"timestamp":"2026-08-29T18:02:30.263194Z","level":"info","event":"  Arquivo: dim_hospital_SP_2024_08.parquet","logger":"task.stdout"}
{"timestamp":"2026-08-29T18:02:31.946861Z","level":"info","event":"  Erro ao carregar DIM_HOSPITAL: ORA-20000: ORA-12899: value too large for column \"ADMIN\".\"DIM_HOSPITAL\".\"ALTA_COMPLEXIDADE\" (actual: 24, maximum: 20)","logger":"task.stdout"}
{"timestamp":"2026-08-29T18:02:31.947569Z","level":"info","event":"ORA-06512: at \"C##CLOUD$SERVICE.DBMS_CLOUD$PDBCS_260821_1_0\", line 2305","logger":"task.stdout"}
{"timestamp":"2026-08-29T18:02:31.948155Z","level":"info","event":"ORA-06512: at \"C##CLOUD$SERVICE.DBMS_CLOUD$PDBCS_260821_1_0\", line 14127","logger":"task.stdout"}
{"timestamp":"2026-08-29T18:02:31.948681Z","level":"info","event":"ORA-06512: at \"C##CLOUD$SERVICE.DBMS_CLOUD$PDBCS_260821_1_0\", line 14150","logger":"task.stdout"}
{"timestamp":"2026-08-29T18:02:31.949148Z","level":"info","event":"ORA-06512: at line 2","logger":"task.stdout"}
{"timestamp":"2026-08-29T18:02:31.949665Z","level":"info","event":"","logger":"task.stdout"}
{"timestamp":"2026-08-29T18:02:31.950111Z","level":"info","event":"Carregando DIM_TEMPO...","logger":"task.stdout"}
{"timestamp":"2026-08-29T18:02:31.950584Z","level":"info","event":"  Arquivo: dim_tempo_SP_2024_08.parquet","logger":"task.stdout"}
{"timestamp":"2026-08-29T18:02:35.004225Z","level":"info","event":"  DIM_TEMPO carregada com sucesso","logger":"task.stdout"}
{"timestamp":"2026-08-29T18:02:35.005053Z","level":"info","event":"","logger":"task.stdout"}
{"timestamp":"2026-08-29T18:02:35.005570Z","level":"info","event":"Carregando FATO_INTERNACAO...","logger":"task.stdout"}
{"timestamp":"2026-08-29T18:02:35.006010Z","level":"info","event":"  Arquivo: fato_internacao_SP_2024_08.parquet","logger":"task.stdout"}
{"timestamp":"2026-08-29T18:02:40.631993Z","level":"info","event":"  FATO_INTERNACAO carregada com sucesso","logger":"task.stdout"}
{"timestamp":"2026-08-29T18:02:40.643281Z","level":"info","event":"","logger":"task.stdout"}
{"timestamp":"2026-08-29T18:02:40.644062Z","level":"info","event":"============================================================","logger":"task.stdout"}
{"timestamp":"2026-08-29T18:02:40.644701Z","level":"info","event":"CARGA PARCIAL: 3/4 tabelas carregadas","logger":"task.stdout"}
{"timestamp":"2026-08-29T18:02:40.645234Z","level":"info","event":"============================================================","logger":"task.stdout"}
{"timestamp":"2026-08-29T18:02:40.643339Z","level":"error","event":"Task failed with exception","logger":"task","filename":"task_runner.py","lineno":1347,"error_detail":[{"exc_type":"RuntimeError","exc_value":"Falha na carga analítica no Autonomous Database.","exc_notes":[],"syntax_error":null,"is_cause":false,"frames":[{"filename":"/home/airflow/.local/lib/python3.11/site-packages/airflow/sdk/execution_time/task_runner.py","lineno":1263,"name":"run"},{"filename":"/home/airflow/.local/lib/python3.11/site-packages/airflow/sdk/execution_time/task_runner.py","lineno":1678,"name":"_execute_task"},{"filename":"/home/airflow/.local/lib/python3.11/site-packages/airflow/sdk/bases/operator.py","lineno":443,"name":"wrapper"},{"filename":"/home/airflow/.local/lib/python3.11/site-packages/airflow/providers/standard/operators/python.py","lineno":227,"name":"execute"},{"filename":"/home/airflow/.local/lib/python3.11/site-packages/airflow/providers/standard/operators/python.py","lineno":250,"name":"execute_callable"},{"filename":"/home/airflow/.local/lib/python3.11/site-packages/airflow/sdk/execution_time/callback_runner.py","lineno":97,"name":"run"},{"filename":"/opt/airflow/dags/meddata_pipeline.py","lineno":151,"name":"tarefa_carga"}],"is_group":false,"exceptions":[]}]}
