{"timestamp":"2026-08-28T23:40:30.562001Z","level":"info","event":"DAG bundles loaded: dags-folder","logger":"airflow.dag_processing.bundles.manager.DagBundlesManager","filename":"manager.py","lineno":209}
{"timestamp":"2026-08-28T23:40:30.564224Z","level":"info","event":"Filling up the DagBag from /opt/airflow/dags/meddata_pipeline.py","logger":"airflow.dag_processing.dagbag.BundleDagBag","filename":"dagbag.py","lineno":469}
{"timestamp":"2026-08-28T23:40:31.189108Z","level":"info","event":"Default Auth client Circuit breaker strategy enabled","logger":"oci.circuit_breaker","filename":"__init__.py","lineno":28}
{"timestamp":"2026-08-28T23:40:31.518808Z","level":"warning","event":"The `airflow.hooks.base.BaseHook` attribute is deprecated. Please use `'airflow.sdk.bases.hook.BaseHook'`.","category":"UserWarning","filename":"/opt/airflow/dags/meddata_pipeline.py","lineno":11,"logger":"py.warnings"}
{"timestamp":"2026-08-28T23:40:31.554554Z","level":"info","event":"[INGESTAO] Baixando dados para SP/2024/08","logger":"task.stdout"}
{"timestamp":"2026-08-28T23:40:31.555919Z","level":"info","event":"==================================================","logger":"task.stdout"}
{"timestamp":"2026-08-28T23:40:31.556564Z","level":"info","event":"INICIANDO INGESTÃO DE DADOS","logger":"task.stdout"}
{"timestamp":"2026-08-28T23:40:31.557198Z","level":"info","event":"UF: SP | Ano: 2024 | Mês: 08","logger":"task.stdout"}
{"timestamp":"2026-08-28T23:40:31.557845Z","level":"info","event":"Upload para OCI: NÃO","logger":"task.stdout"}
{"timestamp":"2026-08-28T23:40:31.558454Z","level":"info","event":"==================================================","logger":"task.stdout"}
{"timestamp":"2026-08-28T23:40:31.559077Z","level":"info","event":"[SIH] Baixando dados: SP 2024/08","logger":"task.stdout"}
{"timestamp":"2026-08-28T23:40:34.364496Z","level":"error","event":"\rDownloading sih:   0%|          | 0/3 [00:00<?, ?file/s]","logger":"task.stderr"}
{"timestamp":"2026-08-28T23:40:34.384272Z","level":"error","event":"\rRJSP2408.parquet: 0.00B [00:00, ?B/s]\u001b[A","logger":"task.stderr"}
{"timestamp":"2026-08-28T23:40:34.385263Z","level":"error","event":"","logger":"task.stderr"}
{"timestamp":"2026-08-28T23:40:34.387920Z","level":"error","event":"\rRDSP2408.parquet: 0.00B [00:00, ?B/s]\u001b[A\u001b[A","logger":"task.stderr"}
{"timestamp":"2026-08-28T23:40:34.388670Z","level":"error","event":"","logger":"task.stderr"}
{"timestamp":"2026-08-28T23:40:34.389282Z","level":"error","event":"","logger":"task.stderr"}
{"timestamp":"2026-08-28T23:40:34.401055Z","level":"error","event":"\rERSP2408.parquet: 0.00B [00:00, ?B/s]\u001b[A\u001b[A\u001b[A\rERSP2408.parquet: 0.00B [00:00, ?B/s]","logger":"task.stderr"}
{"timestamp":"2026-08-28T23:40:34.402247Z","level":"error","event":"\rRJSP2408.parquet: 0.00B [00:00, ?B/s]","logger":"task.stderr"}
{"timestamp":"2026-08-28T23:40:34.405978Z","level":"error","event":"\rRDSP2408.parquet: 0.00B [00:00, ?B/s]","logger":"task.stderr"}
{"timestamp":"2026-08-28T23:40:34.406743Z","level":"error","event":"\rDownloading sih: 100%|██████████| 3/3 [00:00<00:00, 70.57file/s]","logger":"task.stderr"}
{"timestamp":"2026-08-28T23:40:35.167101Z","level":"info","event":"[SIH] Carregado: 246,085 registros","logger":"task.stdout"}
{"timestamp":"2026-08-28T23:40:38.688131Z","level":"info","event":"[SIH] Salvo localmente em: /opt/airflow/data/raw/sih_SP_2024_08.parquet","logger":"task.stdout"}
{"timestamp":"2026-08-28T23:40:38.688813Z","level":"info","event":"[CNES] Baixando dados: SP 2024/08","logger":"task.stdout"}
{"timestamp":"2026-08-28T23:40:40.824101Z","level":"error","event":"\rDownloading cnes:   0%|          | 0/1 [00:00<?, ?file/s]","logger":"task.stderr"}
{"timestamp":"2026-08-28T23:40:42.253741Z","level":"error","event":"\rLTSP2408.parquet: 0.00B [00:00, ?B/s]\u001b[A","logger":"task.stderr"}
{"timestamp":"2026-08-28T23:40:42.254616Z","level":"error","event":"\rLTSP2408.parquet:   0%|          | 0.00/98.6k [00:00<?, ?B/s]\u001b[A","logger":"task.stderr"}
{"timestamp":"2026-08-28T23:40:42.323645Z","level":"error","event":"\rLTSP2408.parquet:  66%|██████▋   | 65.5k/98.6k [00:00<00:00, 244MB/s]\u001b[A","logger":"task.stderr"}
{"timestamp":"2026-08-28T23:40:42.355426Z","level":"error","event":"\rLTSP2408.parquet: 100%|██████████| 98.6k/98.6k [00:00<00:00, 1.41MB/s]\u001b[A\rLTSP2408.parquet: 100%|██████████| 98.6k/98.6k [00:00<00:00, 970kB/s]","logger":"task.stderr"}
{"timestamp":"2026-08-28T23:40:42.357058Z","level":"error","event":"\rDownloading cnes: 100%|██████████| 1/1 [00:01<00:00,  1.53s/file]\rDownloading cnes: 100%|██████████| 1/1 [00:01<00:00,  1.53s/file]","logger":"task.stderr"}
{"timestamp":"2026-08-28T23:40:42.366056Z","level":"info","event":"[CNES] Carregado: 8,445 registros","logger":"task.stdout"}
{"timestamp":"2026-08-28T23:40:42.439890Z","level":"info","event":"[CNES] Salvo localmente em: /opt/airflow/data/raw/cnes_SP_2024_08.parquet","logger":"task.stdout"}
{"timestamp":"2026-08-28T23:40:42.440675Z","level":"info","event":"[IBGE] Carregando dados para SP","logger":"task.stdout"}
{"timestamp":"2026-08-28T23:40:42.682225Z","level":"info","event":"[IBGE] Carregado: 645 municípios","logger":"task.stdout"}
{"timestamp":"2026-08-28T23:40:42.706243Z","level":"info","event":"[IBGE] Salvo localmente em: /opt/airflow/data/reference/ibge_SP.parquet","logger":"task.stdout"}
{"timestamp":"2026-08-28T23:40:42.706994Z","level":"info","event":"==================================================","logger":"task.stdout"}
{"timestamp":"2026-08-28T23:40:42.707678Z","level":"info","event":"RESUMO DA INGESTÃO","logger":"task.stdout"}
{"timestamp":"2026-08-28T23:40:42.708322Z","level":"info","event":"SIH        | OK    |  246,085 registros","logger":"task.stdout"}
{"timestamp":"2026-08-28T23:40:42.709047Z","level":"info","event":"CNES       | OK    |    8,445 registros","logger":"task.stdout"}
{"timestamp":"2026-08-28T23:40:42.709698Z","level":"info","event":"IBGE       | OK    |      645 registros","logger":"task.stdout"}
{"timestamp":"2026-08-28T23:40:42.710199Z","level":"info","event":"==================================================","logger":"task.stdout"}
{"timestamp":"2026-08-28T23:40:42.710693Z","level":"info","event":"[INGESTAO] Concluída com sucesso.","logger":"task.stdout"}
{"timestamp":"2026-08-28T23:40:42.743982Z","level":"info","event":"Done. Returned value was: None","logger":"airflow.task.operators.airflow.providers.standard.operators.python.PythonOperator","filename":"python.py","lineno":229}
