{"timestamp":"2026-08-29T00:22:43.410444Z","level":"info","event":"DAG bundles loaded: dags-folder","logger":"airflow.dag_processing.bundles.manager.DagBundlesManager","filename":"manager.py","lineno":209}
{"timestamp":"2026-08-29T00:22:43.411851Z","level":"info","event":"Filling up the DagBag from /opt/airflow/dags/meddata_pipeline.py","logger":"airflow.dag_processing.dagbag.BundleDagBag","filename":"dagbag.py","lineno":469}
{"timestamp":"2026-08-29T00:22:43.923635Z","level":"info","event":"Default Auth client Circuit breaker strategy enabled","logger":"oci.circuit_breaker","filename":"__init__.py","lineno":28}
{"timestamp":"2026-08-29T00:22:44.247683Z","level":"warning","event":"The `airflow.hooks.base.BaseHook` attribute is deprecated. Please use `'airflow.sdk.bases.hook.BaseHook'`.","category":"UserWarning","filename":"/opt/airflow/dags/meddata_pipeline.py","lineno":11,"logger":"py.warnings"}
{"timestamp":"2026-08-29T00:22:44.268649Z","level":"info","event":"[INGESTAO] Baixando dados para SP/2024/08","logger":"task.stdout"}
{"timestamp":"2026-08-29T00:22:44.269609Z","level":"info","event":"==================================================","logger":"task.stdout"}
{"timestamp":"2026-08-29T00:22:44.270399Z","level":"info","event":"INICIANDO INGESTÃO DE DADOS","logger":"task.stdout"}
{"timestamp":"2026-08-29T00:22:44.271172Z","level":"info","event":"UF: SP | Ano: 2024 | Mês: 08","logger":"task.stdout"}
{"timestamp":"2026-08-29T00:22:44.271786Z","level":"info","event":"Upload para OCI: NÃO","logger":"task.stdout"}
{"timestamp":"2026-08-29T00:22:44.272351Z","level":"info","event":"==================================================","logger":"task.stdout"}
{"timestamp":"2026-08-29T00:22:44.272888Z","level":"info","event":"[SIH] Baixando dados: SP 2024/08","logger":"task.stdout"}
{"timestamp":"2026-08-29T00:22:47.070301Z","level":"error","event":"\rDownloading sih:   0%|          | 0/3 [00:00<?, ?file/s]","logger":"task.stderr"}
{"timestamp":"2026-08-29T00:22:47.089098Z","level":"error","event":"\rRDSP2408.parquet: 0.00B [00:00, ?B/s]\u001b[A","logger":"task.stderr"}
{"timestamp":"2026-08-29T00:22:47.090330Z","level":"error","event":"","logger":"task.stderr"}
{"timestamp":"2026-08-29T00:22:47.092872Z","level":"error","event":"\rERSP2408.parquet: 0.00B [00:00, ?B/s]\u001b[A\u001b[A","logger":"task.stderr"}
{"timestamp":"2026-08-29T00:22:47.093537Z","level":"error","event":"","logger":"task.stderr"}
{"timestamp":"2026-08-29T00:22:47.094253Z","level":"error","event":"","logger":"task.stderr"}
{"timestamp":"2026-08-29T00:22:47.101826Z","level":"error","event":"\rRJSP2408.parquet: 0.00B [00:00, ?B/s]\u001b[A\u001b[A\u001b[A\rERSP2408.parquet: 0.00B [00:00, ?B/s]","logger":"task.stderr"}
{"timestamp":"2026-08-29T00:22:47.102835Z","level":"error","event":"\rRJSP2408.parquet: 0.00B [00:00, ?B/s]","logger":"task.stderr"}
{"timestamp":"2026-08-29T00:22:47.106122Z","level":"error","event":"\rRDSP2408.parquet: 0.00B [00:00, ?B/s]","logger":"task.stderr"}
{"timestamp":"2026-08-29T00:22:47.106958Z","level":"error","event":"\rDownloading sih: 100%|██████████| 3/3 [00:00<00:00, 81.99file/s]","logger":"task.stderr"}
{"timestamp":"2026-08-29T00:22:47.820845Z","level":"info","event":"[SIH] Carregado: 246,085 registros","logger":"task.stdout"}
{"timestamp":"2026-08-29T00:22:51.154909Z","level":"info","event":"[SIH] Salvo localmente em: /opt/airflow/data/raw/sih_SP_2024_08.parquet","logger":"task.stdout"}
{"timestamp":"2026-08-29T00:22:51.155800Z","level":"info","event":"[CNES] Baixando dados: SP 2024/08","logger":"task.stdout"}
{"timestamp":"2026-08-29T00:22:53.496101Z","level":"error","event":"\rDownloading cnes:   0%|          | 0/1 [00:00<?, ?file/s]","logger":"task.stderr"}
{"timestamp":"2026-08-29T00:22:55.114673Z","level":"error","event":"\rLTSP2408.parquet: 0.00B [00:00, ?B/s]\u001b[A","logger":"task.stderr"}
{"timestamp":"2026-08-29T00:22:55.115857Z","level":"error","event":"\rLTSP2408.parquet:   0%|          | 0.00/98.6k [00:00<?, ?B/s]\u001b[A","logger":"task.stderr"}
{"timestamp":"2026-08-29T00:22:55.188568Z","level":"error","event":"\rLTSP2408.parquet:  66%|██████▋   | 65.5k/98.6k [00:00<00:00, 396MB/s]\u001b[A","logger":"task.stderr"}
{"timestamp":"2026-08-29T00:22:55.222623Z","level":"error","event":"\rLTSP2408.parquet: 100%|██████████| 98.6k/98.6k [00:00<00:00, 1.33MB/s]\u001b[A\rLTSP2408.parquet: 100%|██████████| 98.6k/98.6k [00:00<00:00, 915kB/s]","logger":"task.stderr"}
{"timestamp":"2026-08-29T00:22:55.224224Z","level":"error","event":"\rDownloading cnes: 100%|██████████| 1/1 [00:01<00:00,  1.73s/file]\rDownloading cnes: 100%|██████████| 1/1 [00:01<00:00,  1.73s/file]","logger":"task.stderr"}
{"timestamp":"2026-08-29T00:22:55.233822Z","level":"info","event":"[CNES] Carregado: 8,445 registros","logger":"task.stdout"}
{"timestamp":"2026-08-29T00:22:55.327988Z","level":"info","event":"[CNES] Salvo localmente em: /opt/airflow/data/raw/cnes_SP_2024_08.parquet","logger":"task.stdout"}
{"timestamp":"2026-08-29T00:22:55.328748Z","level":"info","event":"[IBGE] Carregando dados para SP","logger":"task.stdout"}
{"timestamp":"2026-08-29T00:22:55.590975Z","level":"info","event":"[IBGE] Carregado: 645 municípios","logger":"task.stdout"}
{"timestamp":"2026-08-29T00:22:55.629039Z","level":"info","event":"[IBGE] Salvo localmente em: /opt/airflow/data/reference/ibge_SP.parquet","logger":"task.stdout"}
{"timestamp":"2026-08-29T00:22:55.630060Z","level":"info","event":"==================================================","logger":"task.stdout"}
{"timestamp":"2026-08-29T00:22:55.630974Z","level":"info","event":"RESUMO DA INGESTÃO","logger":"task.stdout"}
{"timestamp":"2026-08-29T00:22:55.631719Z","level":"info","event":"SIH        | OK    |  246,085 registros","logger":"task.stdout"}
{"timestamp":"2026-08-29T00:22:55.632572Z","level":"info","event":"CNES       | OK    |    8,445 registros","logger":"task.stdout"}
{"timestamp":"2026-08-29T00:22:55.633431Z","level":"info","event":"IBGE       | OK    |      645 registros","logger":"task.stdout"}
{"timestamp":"2026-08-29T00:22:55.634207Z","level":"info","event":"==================================================","logger":"task.stdout"}
{"timestamp":"2026-08-29T00:22:55.634986Z","level":"info","event":"[INGESTAO] Concluída com sucesso.","logger":"task.stdout"}
{"timestamp":"2026-08-29T00:22:55.673629Z","level":"info","event":"Done. Returned value was: None","logger":"airflow.task.operators.airflow.providers.standard.operators.python.PythonOperator","filename":"python.py","lineno":229}
