{"timestamp":"2026-08-29T02:47:36.643563Z","level":"info","event":"DAG bundles loaded: dags-folder","logger":"airflow.dag_processing.bundles.manager.DagBundlesManager","filename":"manager.py","lineno":209}
{"timestamp":"2026-08-29T02:47:36.645290Z","level":"info","event":"Filling up the DagBag from /opt/airflow/dags/meddata_pipeline.py","logger":"airflow.dag_processing.dagbag.BundleDagBag","filename":"dagbag.py","lineno":469}
{"timestamp":"2026-08-29T02:47:37.156707Z","level":"info","event":"Default Auth client Circuit breaker strategy enabled","logger":"oci.circuit_breaker","filename":"__init__.py","lineno":28}
{"timestamp":"2026-08-29T02:47:37.468724Z","level":"warning","event":"The `airflow.hooks.base.BaseHook` attribute is deprecated. Please use `'airflow.sdk.bases.hook.BaseHook'`.","category":"UserWarning","filename":"/opt/airflow/dags/meddata_pipeline.py","lineno":11,"logger":"py.warnings"}
{"timestamp":"2026-08-29T02:47:37.491637Z","level":"info","event":"[INGESTAO] Baixando dados para SP/2024/08","logger":"task.stdout"}
{"timestamp":"2026-08-29T02:47:37.492996Z","level":"info","event":"==================================================","logger":"task.stdout"}
{"timestamp":"2026-08-29T02:47:37.493637Z","level":"info","event":"INICIANDO INGESTÃO DE DADOS","logger":"task.stdout"}
{"timestamp":"2026-08-29T02:47:37.494203Z","level":"info","event":"UF: SP | Ano: 2024 | Mês: 08","logger":"task.stdout"}
{"timestamp":"2026-08-29T02:47:37.494722Z","level":"info","event":"Upload para OCI: NÃO","logger":"task.stdout"}
{"timestamp":"2026-08-29T02:47:37.495257Z","level":"info","event":"==================================================","logger":"task.stdout"}
{"timestamp":"2026-08-29T02:47:37.495768Z","level":"info","event":"[SIH] Baixando dados: SP 2024/08","logger":"task.stdout"}
{"timestamp":"2026-08-29T02:47:42.847274Z","level":"error","event":"\rDownloading sih:   0%|          | 0/3 [00:00<?, ?file/s]","logger":"task.stderr"}
{"timestamp":"2026-08-29T02:47:42.864845Z","level":"error","event":"\rERSP2408.parquet: 0.00B [00:00, ?B/s]\u001b[A","logger":"task.stderr"}
{"timestamp":"2026-08-29T02:47:42.865679Z","level":"error","event":"","logger":"task.stderr"}
{"timestamp":"2026-08-29T02:47:42.868215Z","level":"error","event":"\rRJSP2408.parquet: 0.00B [00:00, ?B/s]\u001b[A\u001b[A","logger":"task.stderr"}
{"timestamp":"2026-08-29T02:47:42.868992Z","level":"error","event":"","logger":"task.stderr"}
{"timestamp":"2026-08-29T02:47:42.869538Z","level":"error","event":"","logger":"task.stderr"}
{"timestamp":"2026-08-29T02:47:42.880140Z","level":"error","event":"\rRDSP2408.parquet: 0.00B [00:00, ?B/s]\u001b[A\u001b[A\u001b[A\rRDSP2408.parquet: 0.00B [00:00, ?B/s]","logger":"task.stderr"}
{"timestamp":"2026-08-29T02:47:42.881078Z","level":"error","event":"\rERSP2408.parquet: 0.00B [00:00, ?B/s]","logger":"task.stderr"}
{"timestamp":"2026-08-29T02:47:42.884453Z","level":"error","event":"\rRJSP2408.parquet: 0.00B [00:00, ?B/s]","logger":"task.stderr"}
{"timestamp":"2026-08-29T02:47:42.885277Z","level":"error","event":"\rDownloading sih: 100%|██████████| 3/3 [00:00<00:00, 79.18file/s]","logger":"task.stderr"}
{"timestamp":"2026-08-29T02:47:43.799190Z","level":"info","event":"[SIH] Carregado: 246,085 registros","logger":"task.stdout"}
{"timestamp":"2026-08-29T02:47:47.143928Z","level":"info","event":"[SIH] Salvo localmente em: /opt/airflow/data/raw/sih_SP_2024_08.parquet","logger":"task.stdout"}
{"timestamp":"2026-08-29T02:47:47.144610Z","level":"info","event":"[CNES] Baixando dados: SP 2024/08","logger":"task.stdout"}
{"timestamp":"2026-08-29T02:47:49.355008Z","level":"error","event":"\rDownloading cnes:   0%|          | 0/1 [00:00<?, ?file/s]","logger":"task.stderr"}
{"timestamp":"2026-08-29T02:47:57.609736Z","level":"error","event":"\rLTSP2408.parquet: 0.00B [00:00, ?B/s]\u001b[A","logger":"task.stderr"}
{"timestamp":"2026-08-29T02:47:57.610527Z","level":"error","event":"\rLTSP2408.parquet:   0%|          | 0.00/98.6k [00:00<?, ?B/s]\u001b[A","logger":"task.stderr"}
{"timestamp":"2026-08-29T02:47:57.690311Z","level":"error","event":"\rLTSP2408.parquet:  66%|██████▋   | 65.5k/98.6k [00:00<00:00, 445MB/s]\u001b[A","logger":"task.stderr"}
{"timestamp":"2026-08-29T02:47:57.715092Z","level":"error","event":"\rLTSP2408.parquet: 100%|██████████| 98.6k/98.6k [00:00<00:00, 1.22MB/s]\u001b[A\rLTSP2408.parquet: 100%|██████████| 98.6k/98.6k [00:00<00:00, 937kB/s]","logger":"task.stderr"}
{"timestamp":"2026-08-29T02:47:57.716530Z","level":"error","event":"\rDownloading cnes: 100%|██████████| 1/1 [00:08<00:00,  8.36s/file]\rDownloading cnes: 100%|██████████| 1/1 [00:08<00:00,  8.36s/file]","logger":"task.stderr"}
{"timestamp":"2026-08-29T02:47:57.731776Z","level":"info","event":"[CNES] Carregado: 8,445 registros","logger":"task.stdout"}
{"timestamp":"2026-08-29T02:47:57.809642Z","level":"info","event":"[CNES] Salvo localmente em: /opt/airflow/data/raw/cnes_SP_2024_08.parquet","logger":"task.stdout"}
{"timestamp":"2026-08-29T02:47:57.810323Z","level":"info","event":"[IBGE] Carregando dados para SP","logger":"task.stdout"}
{"timestamp":"2026-08-29T02:47:58.041199Z","level":"info","event":"[IBGE] Carregado: 645 municípios","logger":"task.stdout"}
{"timestamp":"2026-08-29T02:47:58.066242Z","level":"info","event":"[IBGE] Salvo localmente em: /opt/airflow/data/reference/ibge_SP.parquet","logger":"task.stdout"}
{"timestamp":"2026-08-29T02:47:58.067074Z","level":"info","event":"==================================================","logger":"task.stdout"}
{"timestamp":"2026-08-29T02:47:58.067684Z","level":"info","event":"RESUMO DA INGESTÃO","logger":"task.stdout"}
{"timestamp":"2026-08-29T02:47:58.068408Z","level":"info","event":"SIH        | OK    |  246,085 registros","logger":"task.stdout"}
{"timestamp":"2026-08-29T02:47:58.068925Z","level":"info","event":"CNES       | OK    |    8,445 registros","logger":"task.stdout"}
{"timestamp":"2026-08-29T02:47:58.069479Z","level":"info","event":"IBGE       | OK    |      645 registros","logger":"task.stdout"}
{"timestamp":"2026-08-29T02:47:58.069969Z","level":"info","event":"==================================================","logger":"task.stdout"}
{"timestamp":"2026-08-29T02:47:58.070494Z","level":"info","event":"[INGESTAO] Concluída com sucesso.","logger":"task.stdout"}
{"timestamp":"2026-08-29T02:47:58.108779Z","level":"info","event":"Done. Returned value was: None","logger":"airflow.task.operators.airflow.providers.standard.operators.python.PythonOperator","filename":"python.py","lineno":229}
