{"timestamp":"2026-08-28T23:51:58.671156Z","level":"info","event":"DAG bundles loaded: dags-folder","logger":"airflow.dag_processing.bundles.manager.DagBundlesManager","filename":"manager.py","lineno":209}
{"timestamp":"2026-08-28T23:51:58.672360Z","level":"info","event":"Filling up the DagBag from /opt/airflow/dags/meddata_pipeline.py","logger":"airflow.dag_processing.dagbag.BundleDagBag","filename":"dagbag.py","lineno":469}
{"timestamp":"2026-08-28T23:51:59.176480Z","level":"info","event":"Default Auth client Circuit breaker strategy enabled","logger":"oci.circuit_breaker","filename":"__init__.py","lineno":28}
{"timestamp":"2026-08-28T23:51:59.537871Z","level":"warning","event":"The `airflow.hooks.base.BaseHook` attribute is deprecated. Please use `'airflow.sdk.bases.hook.BaseHook'`.","category":"UserWarning","filename":"/opt/airflow/dags/meddata_pipeline.py","lineno":11,"logger":"py.warnings"}
{"timestamp":"2026-08-28T23:51:59.556536Z","level":"info","event":"[INTEGRACAO] Gerando Star Schema para SP/2024/08","logger":"task.stdout"}
{"timestamp":"2026-08-28T23:51:59.634304Z","level":"info","event":"GERANDO STAR SCHEMA PARA SP 2024/08","logger":"integracao","filename":"integracao.py","lineno":395}
{"timestamp":"2026-08-28T23:51:59.634532Z","level":"info","event":"Gerando DIM_MUNICIPIO...","logger":"integracao","filename":"integracao.py","lineno":54}
{"timestamp":"2026-08-28T23:51:59.637758Z","level":"info","event":"DIM_MUNICIPIO gerada: 645 municípios","logger":"integracao","filename":"integracao.py","lineno":76}
{"timestamp":"2026-08-28T23:51:59.637889Z","level":"info","event":"Gerando DIM_HOSPITAL...","logger":"integracao","filename":"integracao.py","lineno":82}
{"timestamp":"2026-08-28T23:51:59.644727Z","level":"info","event":"DIM_HOSPITAL gerada: 1,428 hospitais","logger":"integracao","filename":"integracao.py","lineno":145}
{"timestamp":"2026-08-28T23:51:59.644953Z","level":"info","event":"Gerando DIM_TEMPO...","logger":"integracao","filename":"integracao.py","lineno":151}
{"timestamp":"2026-08-28T23:51:59.705782Z","level":"info","event":"DIM_TEMPO gerada: 1,175 datas únicas","logger":"integracao","filename":"integracao.py","lineno":173}
{"timestamp":"2026-08-28T23:51:59.706022Z","level":"info","event":"Gerando FATO_INTERNACAO...","logger":"integracao","filename":"integracao.py","lineno":202}
{"timestamp":"2026-08-28T23:52:02.929056Z","level":"info","event":"FATO_INTERNACAO gerada: 231,272 registros","logger":"integracao","filename":"integracao.py","lineno":329}
{"timestamp":"2026-08-28T23:52:02.954883Z","level":"info","event":"DIM_MUNICIPIO salva: /opt/airflow/data/processado/dim_municipio_SP_2024_08.parquet","logger":"integracao","filename":"integracao.py","lineno":366}
{"timestamp":"2026-08-28T23:52:03.186953Z","level":"info","event":"Upload concluído: meddata-gold/dim_municipio/SP/2024/08/dim_municipio_SP_2024_08.parquet","logger":"integracao","filename":"integracao.py","lineno":44}
{"timestamp":"2026-08-28T23:52:03.232203Z","level":"info","event":"DIM_HOSPITAL salva: /opt/airflow/data/processado/dim_hospital_SP_2024_08.parquet","logger":"integracao","filename":"integracao.py","lineno":366}
{"timestamp":"2026-08-28T23:52:03.422243Z","level":"info","event":"Upload concluído: meddata-gold/dim_hospital/SP/2024/08/dim_hospital_SP_2024_08.parquet","logger":"integracao","filename":"integracao.py","lineno":44}
{"timestamp":"2026-08-28T23:52:03.447232Z","level":"info","event":"DIM_TEMPO salva: /opt/airflow/data/processado/dim_tempo_SP_2024_08.parquet","logger":"integracao","filename":"integracao.py","lineno":366}
{"timestamp":"2026-08-28T23:52:03.621494Z","level":"info","event":"Upload concluído: meddata-gold/dim_tempo/SP/2024/08/dim_tempo_SP_2024_08.parquet","logger":"integracao","filename":"integracao.py","lineno":44}
{"timestamp":"2026-08-28T23:52:04.132408Z","level":"info","event":"FATO_INTERNACAO salva: /opt/airflow/data/processado/fato_internacao_SP_2024_08.parquet","logger":"integracao","filename":"integracao.py","lineno":366}
{"timestamp":"2026-08-28T23:52:04.513570Z","level":"info","event":"Upload concluído: meddata-gold/fato_internacao/SP/2024/08/fato_internacao_SP_2024_08.parquet","logger":"integracao","filename":"integracao.py","lineno":44}
{"timestamp":"2026-08-28T23:52:04.518749Z","level":"info","event":"[INTEGRACAO] Concluída com sucesso.","logger":"task.stdout"}
{"timestamp":"2026-08-28T23:52:04.523037Z","level":"info","event":"Done. Returned value was: None","logger":"airflow.task.operators.airflow.providers.standard.operators.python.PythonOperator","filename":"python.py","lineno":229}
